Component: ARM Compiler 5.06 update 4 (build 422) Tool: armlink [4d35d2]

==============================================================================

Section Cross References

    main.o(.text) refers to delay.o(.text) for delay_init
    main.o(.text) refers to sys.o(.text) for NVIC_Configuration
    main.o(.text) refers to usart.o(.text) for uart_init
    main.o(.text) refers to led.o(.text) for LED_Init
    main.o(.text) refers to lcd.o(.text) for LCD_Init
    main.o(.text) refers to key.o(.text) for KEY_Init
    main.o(.text) refers to 24l01.o(.text) for NRF24L01_Init
    main.o(.text) refers to touch.o(.data) for tp_dev
    main.o(.text) refers to lcd.o(.data) for POINT_COLOR
    main.o(.text) refers to lcd.o(.bss) for lcddev
    main.o(.text) refers to 24l01.o(.data) for nrf_flag
    main.o(.text) refers to 24l01.o(.bss) for tmp_buf
    system_stm32f10x.o(.text) refers to system_stm32f10x.o(.data) for SystemCoreClock
    led.o(.text) refers to stm32f10x_rcc.o(.text) for RCC_APB2PeriphClockCmd
    led.o(.text) refers to stm32f10x_gpio.o(.text) for GPIO_Init
    key.o(.text) refers to stm32f10x_rcc.o(.text) for RCC_APB2PeriphClockCmd
    key.o(.text) refers to stm32f10x_gpio.o(.text) for GPIO_Init
    key.o(.text) refers to delay.o(.text) for delay_ms
    key.o(.text) refers to key.o(.data) for key_up
    lcd.o(.text) refers to _printf_percent.o(.ARM.Collect$$_printf_percent$$00000000) for _printf_percent
    lcd.o(.text) refers to _printf_x.o(.ARM.Collect$$_printf_percent$$0000000C) for _printf_x
    lcd.o(.text) refers to _printf_hex_int.o(.text) for _printf_longlong_hex
    lcd.o(.text) refers to delay.o(.text) for delay_us
    lcd.o(.text) refers to lcd.o(.bss) for lcddev
    lcd.o(.text) refers to lcd.o(.data) for POINT_COLOR
    lcd.o(.text) refers to stm32f10x_rcc.o(.text) for RCC_AHBPeriphClockCmd
    lcd.o(.text) refers to stm32f10x_gpio.o(.text) for GPIO_Init
    lcd.o(.text) refers to stm32f10x_fsmc.o(.text) for FSMC_NORSRAMInit
    lcd.o(.text) refers to noretval__2printf.o(.text) for __2printf
    lcd.o(.text) refers to lcd.o(.constdata) for asc2_1206
    spi.o(.text) refers to stm32f10x_spi.o(.text) for SPI_I2S_GetFlagStatus
    spi.o(.text) refers to stm32f10x_rcc.o(.text) for RCC_APB2PeriphClockCmd
    spi.o(.text) refers to stm32f10x_gpio.o(.text) for GPIO_Init
    24l01.o(.text) refers to stm32f10x_rcc.o(.text) for RCC_APB2PeriphClockCmd
    24l01.o(.text) refers to stm32f10x_gpio.o(.text) for GPIO_Init
    24l01.o(.text) refers to misc.o(.text) for NVIC_Init
    24l01.o(.text) refers to stm32f10x_exti.o(.text) for EXTI_Init
    24l01.o(.text) refers to spi.o(.text) for SPI2_Init
    24l01.o(.text) refers to stm32f10x_spi.o(.text) for SPI_Cmd
    24l01.o(.text) refers to 24l01.o(.data) for nrf_flag
    24l01.o(.text) refers to 24l01.o(.constdata) for RX_ADDRESS
    24l01.o(.text) refers to 24l01.o(.bss) for tmp_buf
    ctiic.o(.text) refers to delay.o(.text) for delay_us
    ctiic.o(.text) refers to stm32f10x_rcc.o(.text) for RCC_APB2PeriphClockCmd
    ctiic.o(.text) refers to stm32f10x_gpio.o(.text) for GPIO_Init
    gt9147.o(.text) refers to _printf_percent.o(.ARM.Collect$$_printf_percent$$00000000) for _printf_percent
    gt9147.o(.text) refers to _printf_s.o(.ARM.Collect$$_printf_percent$$00000014) for _printf_s
    gt9147.o(.text) refers to _printf_str.o(.text) for _printf_str
    gt9147.o(.text) refers to _printf_d.o(.ARM.Collect$$_printf_percent$$00000009) for _printf_d
    gt9147.o(.text) refers to _printf_dec.o(.text) for _printf_int_dec
    gt9147.o(.text) refers to ctiic.o(.text) for CT_IIC_Start
    gt9147.o(.text) refers to stm32f10x_rcc.o(.text) for RCC_APB2PeriphClockCmd
    gt9147.o(.text) refers to stm32f10x_gpio.o(.text) for GPIO_Init
    gt9147.o(.text) refers to delay.o(.text) for delay_ms
    gt9147.o(.text) refers to noretval__2printf.o(.text) for __2printf
    gt9147.o(.text) refers to strcmpv7m.o(.text) for strcmp
    gt9147.o(.text) refers to gt9147.o(.constdata) for GT9147_CFG_TBL
    gt9147.o(.text) refers to gt9147.o(.data) for t
    gt9147.o(.text) refers to touch.o(.data) for tp_dev
    ott2001a.o(.text) refers to _printf_percent.o(.ARM.Collect$$_printf_percent$$00000000) for _printf_percent
    ott2001a.o(.text) refers to _printf_x.o(.ARM.Collect$$_printf_percent$$0000000C) for _printf_x
    ott2001a.o(.text) refers to _printf_hex_int.o(.text) for _printf_longlong_hex
    ott2001a.o(.text) refers to ctiic.o(.text) for CT_IIC_Start
    ott2001a.o(.text) refers to stm32f10x_rcc.o(.text) for RCC_APB2PeriphClockCmd
    ott2001a.o(.text) refers to stm32f10x_gpio.o(.text) for GPIO_Init
    ott2001a.o(.text) refers to delay.o(.text) for delay_ms
    ott2001a.o(.text) refers to noretval__2printf.o(.text) for __2printf
    ott2001a.o(.text) refers to dflt_clz.o(x$fpl$dflt) for __aeabi_i2d
    ott2001a.o(.text) refers to dmul.o(x$fpl$dmul) for __aeabi_dmul
    ott2001a.o(.text) refers to dfixu.o(x$fpl$dfixu) for __aeabi_d2uiz
[...]
    ../fplib/dsqrt.s                         0x00000000   Number         0  dsqrt_noumaal.o ABSOLUTE
    ../fplib/f2d.s                           0x00000000   Number         0  f2d.o ABSOLUTE
    ../fplib/faddsub.s                       0x00000000   Number         0  faddsub_clz.o ABSOLUTE
    ../fplib/fdiv.s                          0x00000000   Number         0  fdiv.o ABSOLUTE
    ../fplib/ffix.s                          0x00000000   Number         0  ffix.o ABSOLUTE
    ../fplib/ffixu.s                         0x00000000   Number         0  ffixu.o ABSOLUTE
    ../fplib/fflt.s                          0x00000000   Number         0  fflt_clz.o ABSOLUTE
    ../fplib/fmul.s                          0x00000000   Number         0  fmul.o ABSOLUTE
    ../fplib/fnaninf.s                       0x00000000   Number         0  fnaninf.o ABSOLUTE
    ../fplib/fpinit.s                        0x00000000   Number         0  fpinit.o ABSOLUTE
    ../fplib/fretinf.s                       0x00000000   Number         0  fretinf.o ABSOLUTE
    ../fplib/usenofp.s                       0x00000000   Number         0  usenofp.o ABSOLUTE
    ../mathlib/sqrt.c                        0x00000000   Number         0  sqrt_x.o ABSOLUTE
    ../mathlib/sqrt.c                        0x00000000   Number         0  sqrt.o ABSOLUTE
    ..\CORE\core_cm3.c                       0x00000000   Number         0  core_cm3.o ABSOLUTE
    ..\CORE\startup_stm32f10x_hd.s           0x00000000   Number         0  startup_stm32f10x_hd.o ABSOLUTE
    ..\HARDWARE\24CXX\24cxx.c                0x00000000   Number         0  24cxx.o ABSOLUTE
    ..\HARDWARE\IIC\myiic.c                  0x00000000   Number         0  myiic.o ABSOLUTE
    ..\HARDWARE\KEY\key.c                    0x00000000   Number         0  key.o ABSOLUTE
    ..\HARDWARE\LCD\lcd.c                    0x00000000   Number         0  lcd.o ABSOLUTE
    ..\HARDWARE\LED\led.c                    0x00000000   Number         0  led.o ABSOLUTE
    ..\HARDWARE\NRF24L01\24l01.c             0x00000000   Number         0  24l01.o ABSOLUTE
    ..\HARDWARE\SPI\spi.c                    0x00000000   Number         0  spi.o ABSOLUTE
    ..\HARDWARE\TOUCH\ctiic.c                0x00000000   Number         0  ctiic.o ABSOLUTE
    ..\HARDWARE\TOUCH\gt9147.c               0x00000000   Number         0  gt9147.o ABSOLUTE
    ..\HARDWARE\TOUCH\ott2001a.c             0x00000000   Number         0  ott2001a.o ABSOLUTE
    ..\HARDWARE\TOUCH\touch.c                0x00000000   Number         0  touch.o ABSOLUTE
    ..\STM32F10x_FWLib\src\misc.c            0x00000000   Number         0  misc.o ABSOLUTE
    ..\STM32F10x_FWLib\src\stm32f10x_exti.c  0x00000000   Number         0  stm32f10x_exti.o ABSOLUTE
    ..\STM32F10x_FWLib\src\stm32f10x_fsmc.c  0x00000000   Number         0  stm32f10x_fsmc.o ABSOLUTE
    ..\STM32F10x_FWLib\src\stm32f10x_gpio.c  0x00000000   Number         0  stm32f10x_gpio.o ABSOLUTE
    ..\STM32F10x_FWLib\src\stm32f10x_rcc.c   0x00000000   Number         0  stm32f10x_rcc.o ABSOLUTE
    ..\STM32F10x_FWLib\src\stm32f10x_spi.c   0x00000000   Number         0  stm32f10x_spi.o ABSOLUTE
    ..\STM32F10x_FWLib\src\stm32f10x_usart.c 0x00000000   Number         0  stm32f10x_usart.o ABSOLUTE
    ..\SYSTEM\delay\delay.c                  0x00000000   Number         0  delay.o ABSOLUTE
    ..\SYSTEM\sys\sys.c                      0x00000000   Number         0  sys.o ABSOLUTE
    ..\SYSTEM\usart\usart.c                  0x00000000   Number         0  usart.o ABSOLUTE
    ..\\CORE\\core_cm3.c                     0x00000000   Number         0  core_cm3.o ABSOLUTE
    dc.s                                     0x00000000   Number         0  dc.o ABSOLUTE
    main.c                                   0x00000000   Number         0  main.o ABSOLUTE
    stm32f10x_it.c                           0x00000000   Number         0  stm32f10x_it.o ABSOLUTE
    system_stm32f10x.c                       0x00000000   Number         0  system_stm32f10x.o ABSOLUTE
    RESET                                    0x08000000   Section      304  startup_stm32f10x_hd.o(RESET)
    !!!main                                  0x08000130   Section        8  __main.o(!!!main)
    !!!scatter                               0x08000138   Section       52  __scatter.o(!!!scatter)
    !!handler_copy                           0x0800016c   Section       26  __scatter_copy.o(!!handler_copy)
    !!handler_zi                             0x08000188   Section       28  __scatter_zi.o(!!handler_zi)
    .ARM.Collect$$_printf_percent$$00000000  0x080001a4   Section        0  _printf_percent.o(.ARM.Collect$$_printf_percent$$00000000)
    .ARM.Collect$$_printf_percent$$00000009  0x080001a4   Section        6  _printf_d.o(.ARM.Collect$$_printf_percent$$00000009)
    .ARM.Collect$$_printf_percent$$0000000C  0x080001aa   Section        6  _printf_x.o(.ARM.Collect$$_printf_percent$$0000000C)
    .ARM.Collect$$_printf_percent$$00000014  0x080001b0   Section        6  _printf_s.o(.ARM.Collect$$_printf_percent$$00000014)
    .ARM.Collect$$_printf_percent$$00000017  0x080001b6   Section        4  _printf_percent_end.o(.ARM.Collect$$_printf_percent$$00000017)
    .ARM.Collect$$libinit$$00000000          0x080001ba   Section        2  libinit.o(.ARM.Collect$$libinit$$00000000)
    .ARM.Collect$$libinit$$00000002          0x080001bc   Section        0  libinit2.o(.ARM.Collect$$libinit$$00000002)
    .ARM.Collect$$libinit$$00000004          0x080001bc   Section        0  libinit2.o(.ARM.Collect$$libinit$$00000004)
    .ARM.Collect$$libinit$$0000000A          0x080001bc   Section        0  libinit2.o(.ARM.Collect$$libinit$$0000000A)
    .ARM.Collect$$libinit$$0000000C          0x080001bc   Section        0  libinit2.o(.ARM.Collect$$libinit$$0000000C)
    .ARM.Collect$$libinit$$0000000E          0x080001bc   Section        0  libinit2.o(.ARM.Collect$$libinit$$0000000E)
    .ARM.Collect$$libinit$$00000011          0x080001bc   Section        0  libinit2.o(.ARM.Collect$$libinit$$00000011)
    .ARM.Collect$$libinit$$00000013          0x080001bc   Section        0  libinit2.o(.ARM.Collect$$libinit$$00000013)
    .ARM.Collect$$libinit$$00000015          0x080001bc   Section        0  libinit2.o(.ARM.Collect$$libinit$$00000015)
    .ARM.Collect$$libinit$$00000017          0x080001bc   Section        0  libinit2.o(.ARM.Collect$$libinit$$00000017)
    .ARM.Collect$$libinit$$00000019          0x080001bc   Section        0  libinit2.o(.ARM.Collect$$libinit$$00000019)
    .ARM.Collect$$libinit$$0000001B          0x080001bc   Section        0  libinit2.o(.ARM.Collect$$libinit$$0000001B)
    .ARM.Collect$$libinit$$0000001D          0x080001bc   Section        0  libinit2.o(.ARM.Collect$$libinit$$0000001D)
    .ARM.Collect$$libinit$$0000001F          0x080001bc   Section        0  libinit2.o(.ARM.Collect$$libinit$$0000001F)
    .ARM.Collect$$libinit$$00000021          0x080001bc   Section        0  libinit2.o(.ARM.Collect$$libinit$$00000021)
    .ARM.Collect$$libinit$$00000023          0x080001bc   Section        0  libinit2.o(.ARM.Collect$$libinit$$00000023)
    .ARM.Collect$$libinit$$00000025          0x080001bc   Section        0  libinit2.o(.ARM.Collect$$libinit$$00000025)
    .ARM.Collect$$libinit$$0000002C          0x080001bc   Section        0  libinit2.o(.ARM.Collect$$libinit$$0000002C)
    .ARM.Collect$$libinit$$0000002E          0x080001bc   Section        0  libinit2.o(.ARM.Collect$$libinit$$0000002E)
    .ARM.Collect$$libinit$$00000030          0x080001bc   Section        0  libinit2.o(.ARM.Collect$$libinit$$00000030)
    .ARM.Collect$$libinit$$00000032          0x080001bc   Section        0  libinit2.o(.ARM.Collect$$libinit$$00000032)
    .ARM.Collect$$libinit$$00000033          0x080001bc   Section        2  libinit2.o(.ARM.Collect$$libinit$$00000033)
    .ARM.Collect$$libshutdown$$00000000      0x080001be   Section        2  libshutdown.o(.ARM.Collect$$libshutdown$$00000000)
    .ARM.Collect$$libshutdown$$00000002      0x080001c0   Section        0  libshutdown2.o(.ARM.Collect$$libshutdown$$00000002)
    .ARM.Collect$$libshutdown$$00000004      0x080001c0   Section        0  libshutdown2.o(.ARM.Collect$$libshutdown$$00000004)
    .ARM.Collect$$libshutdown$$00000007      0x080001c0   Section        0  libshutdown2.o(.ARM.Collect$$libshutdown$$00000007)
    .ARM.Collect$$libshutdown$$0000000A      0x080001c0   Section        0  libshutdown2.o(.ARM.Collect$$libshutdown$$0000000A)
    .ARM.Collect$$libshutdown$$0000000C      0x080001c0   Section        0  libshutdown2.o(.ARM.Collect$$libshutdown$$0000000C)
    .ARM.Collect$$libshutdown$$0000000F      0x080001c0   Section        0  libshutdown2.o(.ARM.Collect$$libshutdown$$0000000F)
    .ARM.Collect$$libshutdown$$00000010      0x080001c0   Section        2  libshutdown2.o(.ARM.Collect$$libshutdown$$00000010)
    .ARM.Collect$$rtentry$$00000000          0x080001c2   Section        0  __rtentry.o(.ARM.Collect$$rtentry$$00000000)
    .ARM.Collect$$rtentry$$00000002          0x080001c2   Section        0  __rtentry2.o(.ARM.Collect$$rtentry$$00000002)
    .ARM.Collect$$rtentry$$00000004          0x080001c2   Section        6  __rtentry4.o(.ARM.Collect$$rtentry$$00000004)
    .ARM.Collect$$rtentry$$00000009          0x080001c8   Section        0  __rtentry2.o(.ARM.Collect$$rtentry$$00000009)
    .ARM.Collect$$rtentry$$0000000A          0x080001c8   Section        4  __rtentry2.o(.ARM.Collect$$rtentry$$0000000A)
    .ARM.Collect$$rtentry$$0000000C          0x080001cc   Section        0  __rtentry2.o(.ARM.Collect$$rtentry$$0000000C)
    .ARM.Collect$$rtentry$$0000000D          0x080001cc   Section        8  __rtentry2.o(.ARM.Collect$$rtentry$$0000000D)
    .ARM.Collect$$rtexit$$00000000           0x080001d4   Section        2  rtexit.o(.ARM.Collect$$rtexit$$00000000)
    .ARM.Collect$$rtexit$$00000002           0x080001d6   Section        0  rtexit2.o(.ARM.Collect$$rtexit$$00000002)
    .ARM.Collect$$rtexit$$00000003           0x080001d6   Section        4  rtexit2.o(.ARM.Collect$$rtexit$$00000003)
    .ARM.Collect$$rtexit$$00000004           0x080001da   Section        6  rtexit2.o(.ARM.Collect$$rtexit$$00000004)
    .text                                    0x080001e0   Section        0  main.o(.text)
    .text                                    0x08000618   Section        0  stm32f10x_it.o(.text)
    .text                                    0x08000634   Section        0  system_stm32f10x.o(.text)
    SetSysClockTo72                          0x08000635   Thumb Code   214  system_stm32f10x.o(.text)
    SetSysClock                              0x0800070b   Thumb Code     8  system_stm32f10x.o(.text)
    .text                                    0x08000814   Section        0  led.o(.text)
    .text                                    0x08000860   Section        0  key.o(.text)
    .text                                    0x0800095c   Section        0  lcd.o(.text)
    .text                                    0x0800517c   Section        0  spi.o(.text)
    .text                                    0x08005284   Section        0  24l01.o(.text)
    .text                                    0x080056ac   Section        0  ctiic.o(.text)
    .text                                    0x08005924   Section        0  gt9147.o(.text)
    .text                                    0x08005d14   Section        0  ott2001a.o(.text)
    .text                                    0x0800607c   Section        0  touch.o(.text)
    .text                                    0x08007050   Section        0  24cxx.o(.text)
    .text                                    0x080071cc   Section        0  myiic.o(.text)
    .text                                    0x0800744c   Section        0  delay.o(.text)
    .text                                    0x08007520   Section        0  sys.o(.text)
    .text                                    0x0800752c   Section        0  usart.o(.text)
    .text                                    0x08007674   Section       64  startup_stm32f10x_hd.o(.text)
    .text                                    0x080076b4   Section        0  misc.o(.text)
    .text                                    0x08007790   Section        0  stm32f10x_fsmc.o(.text)
    .text                                    0x08007d9c   Section        0  stm32f10x_gpio.o(.text)
    .text                                    0x080080f8   Section        0  stm32f10x_rcc.o(.text)
    .text                                    0x0800849c   Section        0  stm32f10x_spi.o(.text)
    .text                                    0x080087a8   Section        0  stm32f10x_usart.o(.text)
    .text                                    0x08008bb0   Section        0  stm32f10x_exti.o(.text)
    .text                                    0x08008ccc   Section        2  use_no_semi_2.o(.text)
    .text                                    0x08008cd0   Section        0  noretval__2printf.o(.text)
    .text                                    0x08008ce8   Section        0  __printf.o(.text)
    .text                                    0x08008d50   Section        0  _printf_str.o(.text)
    .text                                    0x08008da4   Section        0  _printf_dec.o(.text)
    .text                                    0x08008e1c   Section        0  _printf_hex_int.o(.text)
    .text                                    0x08008e74   Section      128  strcmpv7m.o(.text)
    .text                                    0x08008ef4   Section        0  heapauxi.o(.text)
    .text                                    0x08008efa   Section        2  use_no_semi.o(.text)
    .text                                    0x08008efc   Section        0  _rserrno.o(.text)
    .text                                    0x08008f12   Section        0  _printf_intcommon.o(.text)
    .text                                    0x08008fc4   Section        0  _printf_char.o(.text)
    .text                                    0x08008ff0   Section        0  _printf_char_file.o(.text)
    .text                                    0x08009014   Section        8  rt_errno_addr_intlibspace.o(.text)
    .text                                    0x0800901c   Section        0  _printf_char_common.o(.text)
    _printf_input_char                       0x0800901d   Thumb Code    10  _printf_char_common.o(.text)
    .text                                    0x0800904c   Section        0  ferror.o(.text)
    .text                                    0x08009054   Section        8  libspace.o(.text)
    .text                                    0x0800905c   Section       74  sys_stackheap_outer.o(.text)
    .text                                    0x080090a6   Section        0  exit.o(.text)
    i.sqrt                                   0x080090b8   Section        0  sqrt.o(i.sqrt)
    x$fpl$dadd                               0x08009104   Section      336  daddsub_clz.o(x$fpl$dadd)
    _dadd1                                   0x08009115   Thumb Code     0  daddsub_clz.o(x$fpl$dadd)
    x$fpl$dcmpinf                            0x08009254   Section       24  dcmpi.o(x$fpl$dcmpinf)
    x$fpl$dfixu                              0x0800926c   Section       90  dfixu.o(x$fpl$dfixu)
    x$fpl$dflt                               0x080092c6   Section       46  dflt_clz.o(x$fpl$dflt)
    x$fpl$dfltu                              0x080092f4   Section       38  dflt_clz.o(x$fpl$dfltu)
    x$fpl$dleqf                              0x0800931c   Section      120  dleqf.o(x$fpl$dleqf)
    x$fpl$dmul                               0x08009394   Section      340  dmul.o(x$fpl$dmul)
    x$fpl$dnaninf                            0x080094e8   Section      156  dnaninf.o(x$fpl$dnaninf)
    x$fpl$dretinf                            0x08009584   Section       12  dretinf.o(x$fpl$dretinf)
    x$fpl$drleqf                             0x08009590   Section      108  drleqf.o(x$fpl$drleqf)
    x$fpl$drsb                               0x080095fc   Section       22  daddsub_clz.o(x$fpl$drsb)
    x$fpl$dsqrt                              0x08009614   Section      460  dsqrt_noumaal.o(x$fpl$dsqrt)
    x$fpl$dsub                               0x080097e0   Section      468  daddsub_clz.o(x$fpl$dsub)
    _dsub1                                   0x080097f1   Thumb Code     0  daddsub_clz.o(x$fpl$dsub)
    x$fpl$f2d                                0x080099b4   Section       86  f2d.o(x$fpl$f2d)
    x$fpl$fadd                               0x08009a0c   Section      196  faddsub_clz.o(x$fpl$fadd)
    _fadd1                                   0x08009a1b   Thumb Code     0  faddsub_clz.o(x$fpl$fadd)
    x$fpl$fdiv                               0x08009ad0   Section      388  fdiv.o(x$fpl$fdiv)
    _fdiv1                                   0x08009ad1   Thumb Code     0  fdiv.o(x$fpl$fdiv)
    x$fpl$ffix                               0x08009c54   Section       54  ffix.o(x$fpl$ffix)
    x$fpl$ffixu                              0x08009c8c   Section       62  ffixu.o(x$fpl$ffixu)
    x$fpl$fflt                               0x08009ccc   Section       48  fflt_clz.o(x$fpl$fflt)
    x$fpl$ffltu                              0x08009cfc   Section       38  fflt_clz.o(x$fpl$ffltu)
    x$fpl$fmul                               0x08009d24   Section      258  fmul.o(x$fpl$fmul)
    x$fpl$fnaninf                            0x08009e26   Section      140  fnaninf.o(x$fpl$fnaninf)
    x$fpl$fretinf                            0x08009eb2   Section       10  fretinf.o(x$fpl$fretinf)
    x$fpl$fsub                               0x08009ebc   Section      234  faddsub_clz.o(x$fpl$fsub)
    _fsub1                                   0x08009ecb   Thumb Code     0  faddsub_clz.o(x$fpl$fsub)
    .constdata                               0x08009fa6   Section     2660  lcd.o(.constdata)
    x$fpl$usenofp                            0x08009fa6   Section        0  usenofp.o(x$fpl$usenofp)
    .constdata                               0x0800aa0a   Section       10  24l01.o(.constdata)
    .constdata                               0x0800aa14   Section      194  gt9147.o(.constdata)
    .constdata                               0x0800aad6   Section       10  ott2001a.o(.constdata)
    .constdata                               0x0800aae0   Section       40  _printf_hex_int.o(.constdata)
    uc_hextab                                0x0800aae0   Data          20  _printf_hex_int.o(.constdata)
    lc_hextab                                0x0800aaf4   Data          20  _printf_hex_int.o(.constdata)
    .conststring                             0x0800ab08   Section      121  touch.o(.conststring)
    .data                                    0x20000000   Section       20  system_stm32f10x.o(.data)
    .data                                    0x20000014   Section        1  key.o(.data)
    key_up                                   0x20000014   Data           1  key.o(.data)
    .data                                    0x20000016   Section        4  lcd.o(.data)
    .data                                    0x2000001a   Section        1  24l01.o(.data)
    .data                                    0x2000001b   Section        1  gt9147.o(.data)
    t                                        0x2000001b   Data           1  gt9147.o(.data)
    .data                                    0x2000001c   Section        1  ott2001a.o(.data)
    t                                        0x2000001c   Data           1  ott2001a.o(.data)
    .data                                    0x20000020   Section       60  touch.o(.data)
    .data                                    0x2000005c   Section        4  delay.o(.data)
    fac_us                                   0x2000005c   Data           1  delay.o(.data)
    fac_ms                                   0x2000005e   Data           2  delay.o(.data)
    .data                                    0x20000060   Section        6  usart.o(.data)
    .data                                    0x20000066   Section       20  stm32f10x_rcc.o(.data)
    APBAHBPrescTable                         0x20000066   Data          16  stm32f10x_rcc.o(.data)
    ADCPrescTable                            0x20000076   Data           4  stm32f10x_rcc.o(.data)
    .bss                                     0x2000007c   Section       14  lcd.o(.bss)
    .bss                                     0x2000008a   Section       32  24l01.o(.bss)
    .bss                                     0x200000aa   Section      200  usart.o(.bss)
    .bss                                     0x20000174   Section       96  libspace.o(.bss)
    HEAP                                     0x200001d8   Section      512  startup_stm32f10x_hd.o(HEAP)
    Heap_Mem                                 0x200001d8   Data         512  startup_stm32f10x_hd.o(HEAP)
    STACK                                    0x200003d8   Section     1024  startup_stm32f10x_hd.o(STACK)
    Stack_Mem                                0x200003d8   Data        1024  startup_stm32f10x_hd.o(STACK)
    __initial_sp                             0x200007d8   Data           0  startup_stm32f10x_hd.o(STACK)

    Global Symbols

    Symbol Name                              Value     Ov Type        Size  Object(Section)

    BuildAttributes$$THM_ISAv4$P$D$K$B$S$PE$A:L22UL41UL21$X:L11$S22US41US21$IEEE1$IW$USESV6$~STKCKD$USESV7$~SHL$OTIME$ROPI$IEEEJ$EBA8$UX$STANDARDLIB$REQ8$PRES8$EABIv2 0x00000000   Number         0  anon$$obj.o ABSOLUTE
    __ARM_use_no_argv                        0x00000000   Number         0  main.o ABSOLUTE
    __ARM_exceptions_init                     - Undefined Weak Reference
    __alloca_initialize                       - Undefined Weak Reference
    __arm_preinit_                            - Undefined Weak Reference
    __cpp_initialize__aeabi_                  - Undefined Weak Reference
    __cxa_finalize                            - Undefined Weak Reference
    __rt_locale                               - Undefined Weak Reference
    __sigvec_lookup                           - Undefined Weak Reference
    _atexit_init                              - Undefined Weak Reference
    _call_atexit_fns                          - Undefined Weak Reference
    _clock_init                               - Undefined Weak Reference
    _fp_trap_init                             - Undefined Weak Reference
    _fp_trap_shutdown                         - Undefined Weak Reference
    _get_lc_collate                           - Undefined Weak Reference
    _get_lc_ctype                             - Undefined Weak Reference
    _get_lc_monetary                          - Undefined Weak Reference
    _get_lc_numeric                           - Undefined Weak Reference
    _get_lc_time                              - Undefined Weak Reference
    _getenv_init                              - Undefined Weak Reference
    _handle_redirection                       - Undefined Weak Reference
    _init_alloc                               - Undefined Weak Reference
    _init_user_alloc                          - Undefined Weak Reference
    _initio                                   - Undefined Weak Reference
    _mutex_acquire                            - Undefined Weak Reference
    _mutex_release                            - Undefined Weak Reference
    _printf_mbtowc                            - Undefined Weak Reference
    _printf_post_padding                      - Undefined Weak Reference
    _printf_pre_padding                       - Undefined Weak Reference
    _printf_truncate_signed                   - Undefined Weak Reference
    _printf_truncate_unsigned                 - Undefined Weak Reference
    _rand_init                                - Undefined Weak Reference
    _signal_finish                            - Undefined Weak Reference
    _signal_init                              - Undefined Weak Reference
    _terminate_alloc                          - Undefined Weak Reference
    _terminate_user_alloc                     - Undefined Weak Reference
    _terminateio                              - Undefined Weak Reference
    __Vectors_Size                           0x00000130   Number         0  startup_stm32f10x_hd.o ABSOLUTE
    __Vectors                                0x08000000   Data           4  startup_stm32f10x_hd.o(RESET)
    __Vectors_End                            0x08000130   Data           0  startup_stm32f10x_hd.o(RESET)
    __main                                   0x08000131   Thumb Code     8  __main.o(!!!main)
    __scatterload                            0x08000139   Thumb Code     0  __scatter.o(!!!scatter)
    __scatterload_rt2                        0x08000139   Thumb Code    44  __scatter.o(!!!scatter)
    __scatterload_rt2_thumb_only             0x08000139   Thumb Code     0  __scatter.o(!!!scatter)
    __scatterload_null                       0x08000147   Thumb Code     0  __scatter.o(!!!scatter)
    __scatterload_copy                       0x0800016d   Thumb Code    26  __scatter_copy.o(!!handler_copy)
    __scatterload_zeroinit                   0x08000189   Thumb Code    28  __scatter_zi.o(!!handler_zi)
    _printf_d                                0x080001a5   Thumb Code     0  _printf_d.o(.ARM.Collect$$_printf_percent$$00000009)
    _printf_percent                          0x080001a5   Thumb Code     0  _printf_percent.o(.ARM.Collect$$_printf_percent$$00000000)
    _printf_x                                0x080001ab   Thumb Code     0  _printf_x.o(.ARM.Collect$$_printf_percent$$0000000C)
    _printf_s                                0x080001b1   Thumb Code     0  _printf_s.o(.ARM.Collect$$_printf_percent$$00000014)
    _printf_percent_end                      0x080001b7   Thumb Code     0  _printf_percent_end.o(.ARM.Collect$$_printf_percent$$00000017)
    __rt_lib_init                            0x080001bb   Thumb Code     0  libinit.o(.ARM.Collect$$libinit$$00000000)
    __rt_lib_init_alloca_1                   0x080001bd   Thumb Code     0  libinit2.o(.ARM.Collect$$libinit$$0000002E)
    __rt_lib_init_argv_1                     0x080001bd   Thumb Code     0  libinit2.o(.ARM.Collect$$libinit$$0000002C)
    __rt_lib_init_atexit_1                   0x080001bd   Thumb Code     0  libinit2.o(.ARM.Collect$$libinit$$0000001B)
    __rt_lib_init_clock_1                    0x080001bd   Thumb Code     0  libinit2.o(.ARM.Collect$$libinit$$00000021)
    __rt_lib_init_cpp_1                      0x080001bd   Thumb Code     0  libinit2.o(.ARM.Collect$$libinit$$00000032)
    __rt_lib_init_exceptions_1               0x080001bd   Thumb Code     0  libinit2.o(.ARM.Collect$$libinit$$00000030)
    __rt_lib_init_fp_1                       0x080001bd   Thumb Code     0  libinit2.o(.ARM.Collect$$libinit$$00000002)
    __rt_lib_init_fp_trap_1                  0x080001bd   Thumb Code     0  libinit2.o(.ARM.Collect$$libinit$$0000001F)
    __rt_lib_init_getenv_1                   0x080001bd   Thumb Code     0  libinit2.o(.ARM.Collect$$libinit$$00000023)
    __rt_lib_init_heap_1                     0x080001bd   Thumb Code     0  libinit2.o(.ARM.Collect$$libinit$$0000000A)
    __rt_lib_init_lc_collate_1               0x080001bd   Thumb Code     0  libinit2.o(.ARM.Collect$$libinit$$00000011)
    __rt_lib_init_lc_ctype_1                 0x080001bd   Thumb Code     0  libinit2.o(.ARM.Collect$$libinit$$00000013)
    __rt_lib_init_lc_monetary_1              0x080001bd   Thumb Code     0  libinit2.o(.ARM.Collect$$libinit$$00000015)
    __rt_lib_init_lc_numeric_1               0x080001bd   Thumb Code     0  libinit2.o(.ARM.Collect$$libinit$$00000017)
    __rt_lib_init_lc_time_1                  0x080001bd   Thumb Code     0  libinit2.o(.ARM.Collect$$libinit$$00000019)
    __rt_lib_init_preinit_1                  0x080001bd   Thumb Code     0  libinit2.o(.ARM.Collect$$libinit$$00000004)
    __rt_lib_init_rand_1                     0x080001bd   Thumb Code     0  libinit2.o(.ARM.Collect$$libinit$$0000000E)
    __rt_lib_init_return                     0x080001bd   Thumb Code     0  libinit2.o(.ARM.Collect$$libinit$$00000033)
    __rt_lib_init_signal_1                   0x080001bd   Thumb Code     0  libinit2.o(.ARM.Collect$$libinit$$0000001D)
    __rt_lib_init_stdio_1                    0x080001bd   Thumb Code     0  libinit2.o(.ARM.Collect$$libinit$$00000025)
    __rt_lib_init_user_alloc_1               0x080001bd   Thumb Code     0  libinit2.o(.ARM.Collect$$libinit$$0000000C)
    __rt_lib_shutdown                        0x080001bf   Thumb Code     0  libshutdown.o(.ARM.Collect$$libshutdown$$00000000)
    __rt_lib_shutdown_cpp_1                  0x080001c1   Thumb Code     0  libshutdown2.o(.ARM.Collect$$libshutdown$$00000002)
    __rt_lib_shutdown_fp_trap_1              0x080001c1   Thumb Code     0  libshutdown2.o(.ARM.Collect$$libshutdown$$00000007)
    __rt_lib_shutdown_heap_1                 0x080001c1   Thumb Code     0  libshutdown2.o(.ARM.Collect$$libshutdown$$0000000F)
    __rt_lib_shutdown_return                 0x080001c1   Thumb Code     0  libshutdown2.o(.ARM.Collect$$libshutdown$$00000010)
    __rt_lib_shutdown_signal_1               0x080001c1   Thumb Code     0  libshutdown2.o(.ARM.Collect$$libshutdown$$0000000A)
    __rt_lib_shutdown_stdio_1                0x080001c1   Thumb Code     0  libshutdown2.o(.ARM.Collect$$libshutdown$$00000004)
    __rt_lib_shutdown_user_alloc_1           0x080001c1   Thumb Code     0  libshutdown2.o(.ARM.Collect$$libshutdown$$0000000C)
    __rt_entry                               0x080001c3   Thumb Code     0  __rtentry.o(.ARM.Collect$$rtentry$$00000000)
    __rt_entry_presh_1                       0x080001c3   Thumb Code     0  __rtentry2.o(.ARM.Collect$$rtentry$$00000002)
    __rt_entry_sh                            0x080001c3   Thumb Code     0  __rtentry4.o(.ARM.Collect$$rtentry$$00000004)
    __rt_entry_li                            0x080001c9   Thumb Code     0  __rtentry2.o(.ARM.Collect$$rtentry$$0000000A)
    __rt_entry_postsh_1                      0x080001c9   Thumb Code     0  __rtentry2.o(.ARM.Collect$$rtentry$$00000009)
    __rt_entry_main                          0x080001cd   Thumb Code     0  __rtentry2.o(.ARM.Collect$$rtentry$$0000000D)
    __rt_entry_postli_1                      0x080001cd   Thumb Code     0  __rtentry2.o(.ARM.Collect$$rtentry$$0000000C)
    __rt_exit                                0x080001d5   Thumb Code     0  rtexit.o(.ARM.Collect$$rtexit$$00000000)
    __rt_exit_ls                             0x080001d7   Thumb Code     0  rtexit2.o(.ARM.Collect$$rtexit$$00000003)
    __rt_exit_prels_1                        0x080001d7   Thumb Code     0  rtexit2.o(.ARM.Collect$$rtexit$$00000002)
    __rt_exit_exit                           0x080001db   Thumb Code     0  rtexit2.o(.ARM.Collect$$rtexit$$00000004)
    main                                     0x080001e1   Thumb Code   842  main.o(.text)
    NMI_Handler                              0x08000619   Thumb Code     2  stm32f10x_it.o(.text)
    HardFault_Handler                        0x0800061b   Thumb Code     4  stm32f10x_it.o(.text)
    MemManage_Handler                        0x0800061f   Thumb Code     4  stm32f10x_it.o(.text)
    BusFault_Handler                         0x08000623   Thumb Code     4  stm32f10x_it.o(.text)
    UsageFault_Handler                       0x08000627   Thumb Code     4  stm32f10x_it.o(.text)
    SVC_Handler                              0x0800062b   Thumb Code     2  stm32f10x_it.o(.text)
    DebugMon_Handler                         0x0800062d   Thumb Code     2  stm32f10x_it.o(.text)
    PendSV_Handler                           0x0800062f   Thumb Code     2  stm32f10x_it.o(.text)
    SysTick_Handler                          0x08000631   Thumb Code     2  stm32f10x_it.o(.text)
    SystemInit                               0x08000713   Thumb Code    78  system_stm32f10x.o(.text)
    SystemCoreClockUpdate                    0x08000761   Thumb Code   142  system_stm32f10x.o(.text)
    LED_Init                                 0x08000815   Thumb Code    68  led.o(.text)
    KEY_Init                                 0x08000861   Thumb Code    52  key.o(.text)
    KEY_Scan                                 0x08000895   Thumb Code   188  key.o(.text)
    LCD_WR_REG                               0x0800095d   Thumb Code     6  lcd.o(.text)
    LCD_WR_DATA                              0x08000963   Thumb Code     8  lcd.o(.text)
    LCD_RD_DATA                              0x0800096b   Thumb Code     8  lcd.o(.text)
    LCD_WriteReg                             0x08000973   Thumb Code    10  lcd.o(.text)
    LCD_ReadReg                              0x0800097d   Thumb Code    22  lcd.o(.text)
    LCD_WriteRAM_Prepare                     0x08000993   Thumb Code    10  lcd.o(.text)
    LCD_WriteRAM                             0x0800099d   Thumb Code     8  lcd.o(.text)
    LCD_BGR2RGB                              0x080009a5   Thumb Code    26  lcd.o(.text)
    opt_delay                                0x080009bf   Thumb Code    14  lcd.o(.text)
    LCD_SetCursor                            0x080009cd   Thumb Code   262  lcd.o(.text)
    LCD_ReadPoint                            0x08000ad3   Thumb Code   358  lcd.o(.text)
    LCD_DisplayOn                            0x08000c39   Thumb Code    80  lcd.o(.text)
    LCD_DisplayOff                           0x08000c89   Thumb Code    78  lcd.o(.text)
    LCD_Scan_Dir                             0x08000cd7   Thumb Code   718  lcd.o(.text)
    LCD_DrawPoint                            0x08000fa5   Thumb Code    28  lcd.o(.text)
    LCD_Fast_DrawPoint                       0x08000fc1   Thumb Code   278  lcd.o(.text)
    LCD_Display_Dir                          0x080010d7   Thumb Code   432  lcd.o(.text)
    LCD_Set_Window                           0x08001287   Thumb Code   422  lcd.o(.text)
    LCD_Clear                                0x0800142d   Thumb Code   100  lcd.o(.text)
    LCD_Init                                 0x08001491   Thumb Code 14098  lcd.o(.text)
    LCD_Fill                                 0x08004ba3   Thumb Code   178  lcd.o(.text)
    LCD_Color_Fill                           0x08004c55   Thumb Code   100  lcd.o(.text)
    LCD_DrawLine                             0x08004cb9   Thumb Code   176  lcd.o(.text)
    LCD_DrawRectangle                        0x08004d69   Thumb Code    60  lcd.o(.text)
    Draw_Circle                              0x08004da5   Thumb Code   152  lcd.o(.text)
    LCD_ShowChar                             0x08004e3d   Thumb Code   340  lcd.o(.text)
    LCD_Pow                                  0x08004f91   Thumb Code    22  lcd.o(.text)
    LCD_ShowNum                              0x08004fa7   Thumb Code   148  lcd.o(.text)
    LCD_ShowxNum                             0x0800503b   Thumb Code   218  lcd.o(.text)
    LCD_ShowString                           0x08005115   Thumb Code   102  lcd.o(.text)
    SPI2_ReadWriteByte                       0x0800517d   Thumb Code    78  spi.o(.text)
    SPI2_Init                                0x080051cb   Thumb Code   140  spi.o(.text)
    SPI2_SetSpeed                            0x08005257   Thumb Code    36  spi.o(.text)
    NRF24L01_Init                            0x08005285   Thumb Code   292  24l01.o(.text)
    NRF24L01_Read_Buf                        0x080053a9   Thumb Code    60  24l01.o(.text)
    NRF24L01_Write_Buf                       0x080053e5   Thumb Code    60  24l01.o(.text)
    NRF24L01_Check                           0x08005421   Thumb Code    72  24l01.o(.text)
    NRF24L01_Write_Reg                       0x08005469   Thumb Code    40  24l01.o(.text)
    NRF24L01_Read_Reg                        0x08005491   Thumb Code    38  24l01.o(.text)
    NRF24L01_TxPacket                        0x080054b7   Thumb Code    82  24l01.o(.text)
    NRF24L01_RxPacket                        0x08005509   Thumb Code    58  24l01.o(.text)
    NRF24L01_RX_Mode                         0x08005543   Thumb Code   112  24l01.o(.text)
    NRF24L01_TX_Mode                         0x080055b3   Thumb Code    86  24l01.o(.text)
    EXTI9_5_IRQHandler                       0x08005609   Thumb Code   114  24l01.o(.text)
    CT_Delay                                 0x080056ad   Thumb Code    10  ctiic.o(.text)
    CT_IIC_Init                              0x080056b7   Thumb Code    72  ctiic.o(.text)
    CT_IIC_Start                             0x080056ff   Thumb Code    64  ctiic.o(.text)
    CT_IIC_Stop                              0x0800573f   Thumb Code    62  ctiic.o(.text)
    CT_IIC_Wait_Ack                          0x0800577d   Thumb Code    88  ctiic.o(.text)
    CT_IIC_Ack                               0x080057d5   Thumb Code    66  ctiic.o(.text)
    CT_IIC_NAck                              0x08005817   Thumb Code    66  ctiic.o(.text)
    CT_IIC_Send_Byte                         0x08005859   Thumb Code    82  ctiic.o(.text)
    CT_IIC_Read_Byte                         0x080058ab   Thumb Code    96  ctiic.o(.text)
    GT9147_WR_Reg                            0x08005925   Thumb Code    92  gt9147.o(.text)
    GT9147_Send_Cfg                          0x08005981   Thumb Code    86  gt9147.o(.text)
    GT9147_RD_Reg                            0x080059d7   Thumb Code    98  gt9147.o(.text)
    GT9147_Init                              0x08005a39   Thumb Code   252  gt9147.o(.text)
    GT9147_Scan                              0x08005b35   Thumb Code   408  gt9147.o(.text)
    OTT2001A_WR_Reg                          0x08005d15   Thumb Code    92  ott2001a.o(.text)
    OTT2001A_RD_Reg                          0x08005d71   Thumb Code    98  ott2001a.o(.text)
    OTT2001A_SensorControl                   0x08005dd3   Thumb Code    28  ott2001a.o(.text)
    OTT2001A_Init                            0x08005def   Thumb Code   148  ott2001a.o(.text)
    OTT2001A_Scan                            0x08005e83   Thumb Code   446  ott2001a.o(.text)
    TP_Write_Byte                            0x0800607d   Thumb Code    54  touch.o(.text)
    TP_Read_AD                               0x080060b3   Thumb Code   126  touch.o(.text)
    TP_Read_XOY                              0x08006131   Thumb Code   120  touch.o(.text)
    TP_Read_XY                               0x080061a9   Thumb Code    38  touch.o(.text)
    TP_Read_XY2                              0x080061cf   Thumb Code   192  touch.o(.text)
    TP_Drow_Touch_Point                      0x0800628f   Thumb Code   108  touch.o(.text)
    TP_Draw_Big_Point                        0x080062fb   Thumb Code    54  touch.o(.text)
    TP_Scan                                  0x08006331   Thumb Code   264  touch.o(.text)
    TP_Save_Adjdata                          0x08006439   Thumb Code   154  touch.o(.text)
    TP_Get_Adjdata                           0x080064d3   Thumb Code   152  touch.o(.text)
    TP_Adj_Info_Show                         0x0800656b   Thumb Code   376  touch.o(.text)
    TP_Adjust                                0x080066e3   Thumb Code  2112  touch.o(.text)
    TP_Init                                  0x08006f23   Thumb Code   222  touch.o(.text)
    AT24CXX_Init                             0x08007051   Thumb Code     8  24cxx.o(.text)
    AT24CXX_ReadOneByte                      0x08007059   Thumb Code    88  24cxx.o(.text)
    AT24CXX_WriteOneByte                     0x080070b1   Thumb Code    80  24cxx.o(.text)
    AT24CXX_WriteLenByte                     0x08007101   Thumb Code    42  24cxx.o(.text)
    AT24CXX_ReadLenByte                      0x0800712b   Thumb Code    44  24cxx.o(.text)
    AT24CXX_Check                            0x08007157   Thumb Code    46  24cxx.o(.text)
    AT24CXX_Read                             0x08007185   Thumb Code    34  24cxx.o(.text)
    AT24CXX_Write                            0x080071a7   Thumb Code    36  24cxx.o(.text)
    IIC_Init                                 0x080071cd   Thumb Code    62  myiic.o(.text)
    IIC_Start                                0x0800720b   Thumb Code    72  myiic.o(.text)
    IIC_Stop                                 0x08007253   Thumb Code    66  myiic.o(.text)
    IIC_Wait_Ack                             0x08007295   Thumb Code    90  myiic.o(.text)
    IIC_Ack                                  0x080072ef   Thumb Code    70  myiic.o(.text)
    IIC_NAck                                 0x08007335   Thumb Code    70  myiic.o(.text)
    IIC_Send_Byte                            0x0800737b   Thumb Code    94  myiic.o(.text)
    IIC_Read_Byte                            0x080073d9   Thumb Code   102  myiic.o(.text)
    delay_init                               0x0800744d   Thumb Code    50  delay.o(.text)
    delay_us                                 0x0800747f   Thumb Code    72  delay.o(.text)
    delay_ms                                 0x080074c7   Thumb Code    72  delay.o(.text)
    NVIC_Configuration                       0x08007521   Thumb Code    12  sys.o(.text)
    _sys_exit                                0x0800752d   Thumb Code     6  usart.o(.text)
    fputc                                    0x08007533   Thumb Code    24  usart.o(.text)
    uart_init                                0x0800754b   Thumb Code   158  usart.o(.text)
    USART1_IRQHandler                        0x080075e9   Thumb Code   122  usart.o(.text)
    Reset_Handler                            0x08007675   Thumb Code     8  startup_stm32f10x_hd.o(.text)
    ADC1_2_IRQHandler                        0x0800768f   Thumb Code     0  startup_stm32f10x_hd.o(.text)
    ADC3_IRQHandler                          0x0800768f   Thumb Code     0  startup_stm32f10x_hd.o(.text)
    CAN1_RX1_IRQHandler                      0x0800768f   Thumb Code     0  startup_stm32f10x_hd.o(.text)
    CAN1_SCE_IRQHandler                      0x0800768f   Thumb Code     0  startup_stm32f10x_hd.o(.text)
    DMA1_Channel1_IRQHandler                 0x0800768f   Thumb Code     0  startup_stm32f10x_hd.o(.text)
    DMA1_Channel2_IRQHandler                 0x0800768f   Thumb Code     0  startup_stm32f10x_hd.o(.text)
    DMA1_Channel3_IRQHandler                 0x0800768f   Thumb Code     0  startup_stm32f10x_hd.o(.text)
    DMA1_Channel4_IRQHandler                 0x0800768f   Thumb Code     0  startup_stm32f10x_hd.o(.text)
    DMA1_Channel5_IRQHandler                 0x0800768f   Thumb Code     0  startup_stm32f10x_hd.o(.text)
    DMA1_Channel6_IRQHandler                 0x0800768f   Thumb Code     0  startup_stm32f10x_hd.o(.text)
    DMA1_Channel7_IRQHandler                 0x0800768f   Thumb Code     0  startup_stm32f10x_hd.o(.text)
    DMA2_Channel1_IRQHandler                 0x0800768f   Thumb Code     0  startup_stm32f10x_hd.o(.text)
    DMA2_Channel2_IRQHandler                 0x0800768f   Thumb Code     0  startup_stm32f10x_hd.o(.text)
    DMA2_Channel3_IRQHandler                 0x0800768f   Thumb Code     0  startup_stm32f10x_hd.o(.text)
    DMA2_Channel4_5_IRQHandler               0x0800768f   Thumb Code     0  startup_stm32f10x_hd.o(.text)
    EXTI0_IRQHandler                         0x0800768f   Thumb Code     0  startup_stm32f10x_hd.o(.text)
    EXTI15_10_IRQHandler                     0x0800768f   Thumb Code     0  startup_stm32f10x_hd.o(.text)
    EXTI1_IRQHandler                         0x0800768f   Thumb Code     0  startup_stm32f10x_hd.o(.text)
    EXTI2_IRQHandler                         0x0800768f   Thumb Code     0  startup_stm32f10x_hd.o(.text)
    EXTI3_IRQHandler                         0x0800768f   Thumb Code     0  startup_stm32f10x_hd.o(.text)
    EXTI4_IRQHandler                         0x0800768f   Thumb Code     0  startup_stm32f10x_hd.o(.text)
    FLASH_IRQHandler                         0x0800768f   Thumb Code     0  startup_stm32f10x_hd.o(.text)
    FSMC_IRQHandler                          0x0800768f   Thumb Code     0  startup_stm32f10x_hd.o(.text)
    I2C1_ER_IRQHandler                       0x0800768f   Thumb Code     0  startup_stm32f10x_hd.o(.text)
    I2C1_EV_IRQHandler                       0x0800768f   Thumb Code     0  startup_stm32f10x_hd.o(.text)
    I2C2_ER_IRQHandler                       0x0800768f   Thumb Code     0  startup_stm32f10x_hd.o(.text)
    I2C2_EV_IRQHandler                       0x0800768f   Thumb Code     0  startup_stm32f10x_hd.o(.text)
    PVD_IRQHandler                           0x0800768f   Thumb Code     0  startup_stm32f10x_hd.o(.text)
    RCC_IRQHandler                           0x0800768f   Thumb Code     0  startup_stm32f10x_hd.o(.text)
    RTCAlarm_IRQHandler                      0x0800768f   Thumb Code     0  startup_stm32f10x_hd.o(.text)
    RTC_IRQHandler                           0x0800768f   Thumb Code     0  startup_stm32f10x_hd.o(.text)
    SDIO_IRQHandler                          0x0800768f   Thumb Code     0  startup_stm32f10x_hd.o(.text)
    SPI1_IRQHandler                          0x0800768f   Thumb Code     0  startup_stm32f10x_hd.o(.text)
    SPI2_IRQHandler                          0x0800768f   Thumb Code     0  startup_stm32f10x_hd.o(.text)
    SPI3_IRQHandler                          0x0800768f   Thumb Code     0  startup_stm32f10x_hd.o(.text)
    TAMPER_IRQHandler                        0x0800768f   Thumb Code     0  startup_stm32f10x_hd.o(.text)
    TIM1_BRK_IRQHandler                      0x0800768f   Thumb Code     0  startup_stm32f10x_hd.o(.text)
    TIM1_CC_IRQHandler                       0x0800768f   Thumb Code     0  startup_stm32f10x_hd.o(.text)
    TIM1_TRG_COM_IRQHandler                  0x0800768f   Thumb Code     0  startup_stm32f10x_hd.o(.text)
    TIM1_UP_IRQHandler                       0x0800768f   Thumb Code     0  startup_stm32f10x_hd.o(.text)
    TIM2_IRQHandler                          0x0800768f   Thumb Code     0  startup_stm32f10x_hd.o(.text)
    TIM3_IRQHandler                          0x0800768f   Thumb Code     0  startup_stm32f10x_hd.o(.text)
    TIM4_IRQHandler                          0x0800768f   Thumb Code     0  startup_stm32f10x_hd.o(.text)
    TIM5_IRQHandler                          0x0800768f   Thumb Code     0  startup_stm32f10x_hd.o(.text)
    TIM6_IRQHandler                          0x0800768f   Thumb Code     0  startup_stm32f10x_hd.o(.text)
    TIM7_IRQHandler                          0x0800768f   Thumb Code     0  startup_stm32f10x_hd.o(.text)
    TIM8_BRK_IRQHandler                      0x0800768f   Thumb Code     0  startup_stm32f10x_hd.o(.text)
    TIM8_CC_IRQHandler                       0x0800768f   Thumb Code     0  startup_stm32f10x_hd.o(.text)
    TIM8_TRG_COM_IRQHandler                  0x0800768f   Thumb Code     0  startup_stm32f10x_hd.o(.text)
    TIM8_UP_IRQHandler                       0x0800768f   Thumb Code     0  startup_stm32f10x_hd.o(.text)
    UART4_IRQHandler                         0x0800768f   Thumb Code     0  startup_stm32f10x_hd.o(.text)
    UART5_IRQHandler                         0x0800768f   Thumb Code     0  startup_stm32f10x_hd.o(.text)
    USART2_IRQHandler                        0x0800768f   Thumb Code     0  startup_stm32f10x_hd.o(.text)
    USART3_IRQHandler                        0x0800768f   Thumb Code     0  startup_stm32f10x_hd.o(.text)
    USBWakeUp_IRQHandler                     0x0800768f   Thumb Code     0  startup_stm32f10x_hd.o(.text)
    USB_HP_CAN1_TX_IRQHandler                0x0800768f   Thumb Code     0  startup_stm32f10x_hd.o(.text)
    USB_LP_CAN1_RX0_IRQHandler               0x0800768f   Thumb Code     0  startup_stm32f10x_hd.o(.text)
    WWDG_IRQHandler                          0x0800768f   Thumb Code     0  startup_stm32f10x_hd.o(.text)
    __user_initial_stackheap                 0x08007691   Thumb Code     0  startup_stm32f10x_hd.o(.text)
    NVIC_PriorityGroupConfig                 0x080076b5   Thumb Code    10  misc.o(.text)
    NVIC_Init                                0x080076bf   Thumb Code   100  misc.o(.text)
    NVIC_SetVectorTable                      0x08007723   Thumb Code    14  misc.o(.text)
    NVIC_SystemLPConfig                      0x08007731   Thumb Code    34  misc.o(.text)
    SysTick_CLKSourceConfig                  0x08007753   Thumb Code    40  misc.o(.text)
    FSMC_NORSRAMDeInit                       0x08007791   Thumb Code    54  stm32f10x_fsmc.o(.text)
    FSMC_NANDDeInit                          0x080077c7   Thumb Code    62  stm32f10x_fsmc.o(.text)
    FSMC_PCCARDDeInit                        0x08007805   Thumb Code    36  stm32f10x_fsmc.o(.text)
    FSMC_NORSRAMInit                         0x08007829   Thumb Code   230  stm32f10x_fsmc.o(.text)
    FSMC_NANDInit                            0x0800790f   Thumb Code   132  stm32f10x_fsmc.o(.text)
    FSMC_PCCARDInit                          0x08007993   Thumb Code   130  stm32f10x_fsmc.o(.text)
    FSMC_NORSRAMStructInit                   0x08007a15   Thumb Code   114  stm32f10x_fsmc.o(.text)
    FSMC_NANDStructInit                      0x08007a87   Thumb Code    54  stm32f10x_fsmc.o(.text)
    FSMC_PCCARDStructInit                    0x08007abd   Thumb Code    60  stm32f10x_fsmc.o(.text)
    FSMC_NORSRAMCmd                          0x08007af9   Thumb Code    46  stm32f10x_fsmc.o(.text)
    FSMC_NANDCmd                             0x08007b27   Thumb Code    86  stm32f10x_fsmc.o(.text)
    FSMC_PCCARDCmd                           0x08007b7d   Thumb Code    44  stm32f10x_fsmc.o(.text)
    FSMC_NANDECCCmd                          0x08007ba9   Thumb Code    90  stm32f10x_fsmc.o(.text)
    FSMC_GetECC                              0x08007c03   Thumb Code    24  stm32f10x_fsmc.o(.text)
    FSMC_ITConfig                            0x08007c1b   Thumb Code   128  stm32f10x_fsmc.o(.text)
    FSMC_GetFlagStatus                       0x08007c9b   Thumb Code    54  stm32f10x_fsmc.o(.text)
    FSMC_ClearFlag                           0x08007cd1   Thumb Code    62  stm32f10x_fsmc.o(.text)
    FSMC_GetITStatus                         0x08007d0f   Thumb Code    64  stm32f10x_fsmc.o(.text)
    FSMC_ClearITPendingBit                   0x08007d4f   Thumb Code    68  stm32f10x_fsmc.o(.text)
    GPIO_DeInit                              0x08007d9d   Thumb Code   172  stm32f10x_gpio.o(.text)
    GPIO_AFIODeInit                          0x08007e49   Thumb Code    20  stm32f10x_gpio.o(.text)
    GPIO_Init                                0x08007e5d   Thumb Code   278  stm32f10x_gpio.o(.text)
    GPIO_StructInit                          0x08007f73   Thumb Code    16  stm32f10x_gpio.o(.text)
    GPIO_ReadInputDataBit                    0x08007f83   Thumb Code    18  stm32f10x_gpio.o(.text)
    GPIO_ReadInputData                       0x08007f95   Thumb Code     8  stm32f10x_gpio.o(.text)
    GPIO_ReadOutputDataBit                   0x08007f9d   Thumb Code    18  stm32f10x_gpio.o(.text)
    GPIO_ReadOutputData                      0x08007faf   Thumb Code     8  stm32f10x_gpio.o(.text)
    GPIO_SetBits                             0x08007fb7   Thumb Code     4  stm32f10x_gpio.o(.text)
    GPIO_ResetBits                           0x08007fbb   Thumb Code     4  stm32f10x_gpio.o(.text)
    GPIO_WriteBit                            0x08007fbf   Thumb Code    10  stm32f10x_gpio.o(.text)
    GPIO_Write                               0x08007fc9   Thumb Code     4  stm32f10x_gpio.o(.text)
    GPIO_PinLockConfig                       0x08007fcd   Thumb Code    18  stm32f10x_gpio.o(.text)
    GPIO_EventOutputConfig                   0x08007fdf   Thumb Code    26  stm32f10x_gpio.o(.text)
    GPIO_EventOutputCmd                      0x08007ff9   Thumb Code     6  stm32f10x_gpio.o(.text)
    GPIO_PinRemapConfig                      0x08007fff   Thumb Code   138  stm32f10x_gpio.o(.text)
    GPIO_EXTILineConfig                      0x08008089   Thumb Code    66  stm32f10x_gpio.o(.text)
    GPIO_ETH_MediaInterfaceConfig            0x080080cb   Thumb Code     8  stm32f10x_gpio.o(.text)
    RCC_DeInit                               0x080080f9   Thumb Code    64  stm32f10x_rcc.o(.text)
    RCC_HSEConfig                            0x08008139   Thumb Code    70  stm32f10x_rcc.o(.text)
    RCC_GetFlagStatus                        0x0800817f   Thumb Code    56  stm32f10x_rcc.o(.text)
    RCC_WaitForHSEStartUp                    0x080081b7   Thumb Code    56  stm32f10x_rcc.o(.text)
    RCC_AdjustHSICalibrationValue            0x080081ef   Thumb Code    20  stm32f10x_rcc.o(.text)
    RCC_HSICmd                               0x08008203   Thumb Code     6  stm32f10x_rcc.o(.text)
    RCC_PLLConfig                            0x08008209   Thumb Code    24  stm32f10x_rcc.o(.text)
    RCC_PLLCmd                               0x08008221   Thumb Code     6  stm32f10x_rcc.o(.text)
    RCC_SYSCLKConfig                         0x08008227   Thumb Code    18  stm32f10x_rcc.o(.text)
    RCC_GetSYSCLKSource                      0x08008239   Thumb Code    10  stm32f10x_rcc.o(.text)
    RCC_HCLKConfig                           0x08008243   Thumb Code    18  stm32f10x_rcc.o(.text)
    RCC_PCLK1Config                          0x08008255   Thumb Code    18  stm32f10x_rcc.o(.text)
    RCC_PCLK2Config                          0x08008267   Thumb Code    20  stm32f10x_rcc.o(.text)
    RCC_ITConfig                             0x0800827b   Thumb Code    26  stm32f10x_rcc.o(.text)
    RCC_USBCLKConfig                         0x08008295   Thumb Code     8  stm32f10x_rcc.o(.text)
    RCC_ADCCLKConfig                         0x0800829d   Thumb Code    18  stm32f10x_rcc.o(.text)
    RCC_LSEConfig                            0x080082af   Thumb Code    50  stm32f10x_rcc.o(.text)
    RCC_LSICmd                               0x080082e1   Thumb Code     6  stm32f10x_rcc.o(.text)
    RCC_RTCCLKConfig                         0x080082e7   Thumb Code    12  stm32f10x_rcc.o(.text)
    RCC_RTCCLKCmd                            0x080082f3   Thumb Code     8  stm32f10x_rcc.o(.text)
    RCC_GetClocksFreq                        0x080082fb   Thumb Code   192  stm32f10x_rcc.o(.text)
    RCC_AHBPeriphClockCmd                    0x080083bb   Thumb Code    26  stm32f10x_rcc.o(.text)
    RCC_APB2PeriphClockCmd                   0x080083d5   Thumb Code    26  stm32f10x_rcc.o(.text)
    RCC_APB1PeriphClockCmd                   0x080083ef   Thumb Code    26  stm32f10x_rcc.o(.text)
    RCC_APB2PeriphResetCmd                   0x08008409   Thumb Code    26  stm32f10x_rcc.o(.text)
    RCC_APB1PeriphResetCmd                   0x08008423   Thumb Code    26  stm32f10x_rcc.o(.text)
    RCC_BackupResetCmd                       0x0800843d   Thumb Code     8  stm32f10x_rcc.o(.text)
    RCC_ClockSecuritySystemCmd               0x08008445   Thumb Code     6  stm32f10x_rcc.o(.text)
    RCC_MCOConfig                            0x0800844b   Thumb Code     6  stm32f10x_rcc.o(.text)
    RCC_ClearFlag                            0x08008451   Thumb Code    14  stm32f10x_rcc.o(.text)
    RCC_GetITStatus                          0x0800845f   Thumb Code    20  stm32f10x_rcc.o(.text)
    RCC_ClearITPendingBit                    0x08008473   Thumb Code     6  stm32f10x_rcc.o(.text)
    SPI_I2S_DeInit                           0x0800849d   Thumb Code    76  stm32f10x_spi.o(.text)
    SPI_Init                                 0x080084e9   Thumb Code    60  stm32f10x_spi.o(.text)
    I2S_Init                                 0x08008525   Thumb Code   226  stm32f10x_spi.o(.text)
    SPI_StructInit                           0x08008607   Thumb Code    24  stm32f10x_spi.o(.text)
    I2S_StructInit                           0x0800861f   Thumb Code    20  stm32f10x_spi.o(.text)
    SPI_Cmd                                  0x08008633   Thumb Code    24  stm32f10x_spi.o(.text)
    I2S_Cmd                                  0x0800864b   Thumb Code    24  stm32f10x_spi.o(.text)
    SPI_I2S_ITConfig                         0x08008663   Thumb Code    32  stm32f10x_spi.o(.text)
    SPI_I2S_DMACmd                           0x08008683   Thumb Code    18  stm32f10x_spi.o(.text)
    SPI_I2S_SendData                         0x08008695   Thumb Code     4  stm32f10x_spi.o(.text)
    SPI_I2S_ReceiveData                      0x08008699   Thumb Code     6  stm32f10x_spi.o(.text)
    SPI_NSSInternalSoftwareConfig            0x0800869f   Thumb Code    30  stm32f10x_spi.o(.text)
    SPI_SSOutputCmd                          0x080086bd   Thumb Code    24  stm32f10x_spi.o(.text)
    SPI_DataSizeConfig                       0x080086d5   Thumb Code    18  stm32f10x_spi.o(.text)
    SPI_TransmitCRC                          0x080086e7   Thumb Code    10  stm32f10x_spi.o(.text)
    SPI_CalculateCRC                         0x080086f1   Thumb Code    24  stm32f10x_spi.o(.text)
    SPI_GetCRC                               0x08008709   Thumb Code    16  stm32f10x_spi.o(.text)
    SPI_GetCRCPolynomial                     0x08008719   Thumb Code     6  stm32f10x_spi.o(.text)
    SPI_BiDirectionalLineConfig              0x0800871f   Thumb Code    28  stm32f10x_spi.o(.text)
    SPI_I2S_GetFlagStatus                    0x0800873b   Thumb Code    18  stm32f10x_spi.o(.text)
    SPI_I2S_ClearFlag                        0x0800874d   Thumb Code     6  stm32f10x_spi.o(.text)
    SPI_I2S_GetITStatus                      0x08008753   Thumb Code    52  stm32f10x_spi.o(.text)
    SPI_I2S_ClearITPendingBit                0x08008787   Thumb Code    20  stm32f10x_spi.o(.text)
    USART_DeInit                             0x080087a9   Thumb Code   134  stm32f10x_usart.o(.text)
    USART_Init                               0x0800882f   Thumb Code   210  stm32f10x_usart.o(.text)
    USART_StructInit                         0x08008901   Thumb Code    24  stm32f10x_usart.o(.text)
    USART_ClockInit                          0x08008919   Thumb Code    34  stm32f10x_usart.o(.text)
    USART_ClockStructInit                    0x0800893b   Thumb Code    12  stm32f10x_usart.o(.text)
    USART_Cmd                                0x08008947   Thumb Code    24  stm32f10x_usart.o(.text)
    USART_ITConfig                           0x0800895f   Thumb Code    74  stm32f10x_usart.o(.text)
    USART_DMACmd                             0x080089a9   Thumb Code    18  stm32f10x_usart.o(.text)
    USART_SetAddress                         0x080089bb   Thumb Code    18  stm32f10x_usart.o(.text)
    USART_WakeUpConfig                       0x080089cd   Thumb Code    18  stm32f10x_usart.o(.text)
    USART_ReceiverWakeUpCmd                  0x080089df   Thumb Code    24  stm32f10x_usart.o(.text)
    USART_LINBreakDetectLengthConfig         0x080089f7   Thumb Code    18  stm32f10x_usart.o(.text)
    USART_LINCmd                             0x08008a09   Thumb Code    24  stm32f10x_usart.o(.text)
    USART_SendData                           0x08008a21   Thumb Code     8  stm32f10x_usart.o(.text)
    USART_ReceiveData                        0x08008a29   Thumb Code    10  stm32f10x_usart.o(.text)
    USART_SendBreak                          0x08008a33   Thumb Code    10  stm32f10x_usart.o(.text)
    USART_SetGuardTime                       0x08008a3d   Thumb Code    16  stm32f10x_usart.o(.text)
    USART_SetPrescaler                       0x08008a4d   Thumb Code    16  stm32f10x_usart.o(.text)
    USART_SmartCardCmd                       0x08008a5d   Thumb Code    24  stm32f10x_usart.o(.text)
    USART_SmartCardNACKCmd                   0x08008a75   Thumb Code    24  stm32f10x_usart.o(.text)
    USART_HalfDuplexCmd                      0x08008a8d   Thumb Code    24  stm32f10x_usart.o(.text)
    USART_OverSampling8Cmd                   0x08008aa5   Thumb Code    22  stm32f10x_usart.o(.text)
    USART_OneBitMethodCmd                    0x08008abb   Thumb Code    24  stm32f10x_usart.o(.text)
    USART_IrDAConfig                         0x08008ad3   Thumb Code    18  stm32f10x_usart.o(.text)
    USART_IrDACmd                            0x08008ae5   Thumb Code    24  stm32f10x_usart.o(.text)
    USART_GetFlagStatus                      0x08008afd   Thumb Code    26  stm32f10x_usart.o(.text)
    USART_ClearFlag                          0x08008b17   Thumb Code    18  stm32f10x_usart.o(.text)
    USART_GetITStatus                        0x08008b29   Thumb Code    84  stm32f10x_usart.o(.text)
    USART_ClearITPendingBit                  0x08008b7d   Thumb Code    52  stm32f10x_usart.o(.text)
    EXTI_DeInit                              0x08008bb1   Thumb Code    28  stm32f10x_exti.o(.text)
    EXTI_Init                                0x08008bcd   Thumb Code   142  stm32f10x_exti.o(.text)
    EXTI_StructInit                          0x08008c5b   Thumb Code    16  stm32f10x_exti.o(.text)
    EXTI_GenerateSWInterrupt                 0x08008c6b   Thumb Code    16  stm32f10x_exti.o(.text)
    EXTI_GetFlagStatus                       0x08008c7b   Thumb Code    22  stm32f10x_exti.o(.text)
    EXTI_ClearFlag                           0x08008c91   Thumb Code     8  stm32f10x_exti.o(.text)
    EXTI_GetITStatus                         0x08008c99   Thumb Code    34  stm32f10x_exti.o(.text)
    EXTI_ClearITPendingBit                   0x08008cbb   Thumb Code     8  stm32f10x_exti.o(.text)
    __use_no_semihosting                     0x08008ccd   Thumb Code     2  use_no_semi_2.o(.text)
    __2printf                                0x08008cd1   Thumb Code    20  noretval__2printf.o(.text)
    __printf                                 0x08008ce9   Thumb Code   104  __printf.o(.text)
    _printf_str                              0x08008d51   Thumb Code    82  _printf_str.o(.text)
    _printf_int_dec                          0x08008da5   Thumb Code   104  _printf_dec.o(.text)
    _printf_int_hex                          0x08008e1d   Thumb Code    84  _printf_hex_int.o(.text)
    _printf_longlong_hex                     0x08008e1d   Thumb Code     0  _printf_hex_int.o(.text)
    strcmp                                   0x08008e75   Thumb Code   128  strcmpv7m.o(.text)
    __use_two_region_memory                  0x08008ef5   Thumb Code     2  heapauxi.o(.text)
    __rt_heap_escrow$2region                 0x08008ef7   Thumb Code     2  heapauxi.o(.text)
    __rt_heap_expand$2region                 0x08008ef9   Thumb Code     2  heapauxi.o(.text)
    __I$use$semihosting                      0x08008efb   Thumb Code     0  use_no_semi.o(.text)
    __use_no_semihosting_swi                 0x08008efb   Thumb Code     2  use_no_semi.o(.text)
    __read_errno                             0x08008efd   Thumb Code    10  _rserrno.o(.text)
    __set_errno                              0x08008f07   Thumb Code    12  _rserrno.o(.text)
    _printf_int_common                       0x08008f13   Thumb Code   178  _printf_intcommon.o(.text)
    _printf_cs_common                        0x08008fc5   Thumb Code    20  _printf_char.o(.text)
    _printf_char                             0x08008fd9   Thumb Code    16  _printf_char.o(.text)
    _printf_string                           0x08008fe9   Thumb Code     8  _printf_char.o(.text)
    _printf_char_file                        0x08008ff1   Thumb Code    32  _printf_char_file.o(.text)
    __aeabi_errno_addr                       0x08009015   Thumb Code     8  rt_errno_addr_intlibspace.o(.text)
    __errno$intlibspace                      0x08009015   Thumb Code     0  rt_errno_addr_intlibspace.o(.text)
    __rt_errno_addr$intlibspace              0x08009015   Thumb Code     0  rt_errno_addr_intlibspace.o(.text)
    _printf_char_common                      0x08009027   Thumb Code    32  _printf_char_common.o(.text)
    ferror                                   0x0800904d   Thumb Code     8  ferror.o(.text)
    __user_libspace                          0x08009055   Thumb Code     8  libspace.o(.text)
    __user_perproc_libspace                  0x08009055   Thumb Code     0  libspace.o(.text)
    __user_perthread_libspace                0x08009055   Thumb Code     0  libspace.o(.text)
    __user_setup_stackheap                   0x0800905d   Thumb Code    74  sys_stackheap_outer.o(.text)
    exit                                     0x080090a7   Thumb Code    18  exit.o(.text)
    sqrt                                     0x080090b9   Thumb Code    76  sqrt.o(i.sqrt)
    __aeabi_dadd                             0x08009105   Thumb Code     0  daddsub_clz.o(x$fpl$dadd)
    _dadd                                    0x08009105   Thumb Code   332  daddsub_clz.o(x$fpl$dadd)
    __fpl_dcmp_Inf                           0x08009255   Thumb Code    24  dcmpi.o(x$fpl$dcmpinf)
    __aeabi_d2uiz                            0x0800926d   Thumb Code     0  dfixu.o(x$fpl$dfixu)
    _dfixu                                   0x0800926d   Thumb Code    90  dfixu.o(x$fpl$dfixu)
    __aeabi_i2d                              0x080092c7   Thumb Code     0  dflt_clz.o(x$fpl$dflt)
    _dflt                                    0x080092c7   Thumb Code    46  dflt_clz.o(x$fpl$dflt)
    __aeabi_ui2d                             0x080092f5   Thumb Code     0  dflt_clz.o(x$fpl$dfltu)
    _dfltu                                   0x080092f5   Thumb Code    38  dflt_clz.o(x$fpl$dfltu)
    __aeabi_cdcmple                          0x0800931d   Thumb Code     0  dleqf.o(x$fpl$dleqf)
    _dcmple                                  0x0800931d   Thumb Code   120  dleqf.o(x$fpl$dleqf)
    __fpl_dcmple_InfNaN                      0x0800937f   Thumb Code     0  dleqf.o(x$fpl$dleqf)
    __aeabi_dmul                             0x08009395   Thumb Code     0  dmul.o(x$fpl$dmul)
    _dmul                                    0x08009395   Thumb Code   332  dmul.o(x$fpl$dmul)
    __fpl_dnaninf                            0x080094e9   Thumb Code   156  dnaninf.o(x$fpl$dnaninf)
    __fpl_dretinf                            0x08009585   Thumb Code    12  dretinf.o(x$fpl$dretinf)
    __aeabi_cdrcmple                         0x08009591   Thumb Code     0  drleqf.o(x$fpl$drleqf)
    _drcmple                                 0x08009591   Thumb Code   108  drleqf.o(x$fpl$drleqf)
    __aeabi_drsub                            0x080095fd   Thumb Code     0  daddsub_clz.o(x$fpl$drsb)
    _drsb                                    0x080095fd   Thumb Code    22  daddsub_clz.o(x$fpl$drsb)
    _dsqrt                                   0x08009615   Thumb Code   456  dsqrt_noumaal.o(x$fpl$dsqrt)
    __aeabi_dsub                             0x080097e1   Thumb Code     0  daddsub_clz.o(x$fpl$dsub)
    _dsub                                    0x080097e1   Thumb Code   464  daddsub_clz.o(x$fpl$dsub)
    __aeabi_f2d                              0x080099b5   Thumb Code     0  f2d.o(x$fpl$f2d)
    _f2d                                     0x080099b5   Thumb Code    86  f2d.o(x$fpl$f2d)
    __aeabi_fadd                             0x08009a0d   Thumb Code     0  faddsub_clz.o(x$fpl$fadd)
    _fadd                                    0x08009a0d   Thumb Code   196  faddsub_clz.o(x$fpl$fadd)
    __aeabi_fdiv                             0x08009ad1   Thumb Code     0  fdiv.o(x$fpl$fdiv)
    _fdiv                                    0x08009ad1   Thumb Code   384  fdiv.o(x$fpl$fdiv)
    __aeabi_f2iz                             0x08009c55   Thumb Code     0  ffix.o(x$fpl$ffix)
    _ffix                                    0x08009c55   Thumb Code    54  ffix.o(x$fpl$ffix)
    __aeabi_f2uiz                            0x08009c8d   Thumb Code     0  ffixu.o(x$fpl$ffixu)
    _ffixu                                   0x08009c8d   Thumb Code    62  ffixu.o(x$fpl$ffixu)
    __aeabi_i2f                              0x08009ccd   Thumb Code     0  fflt_clz.o(x$fpl$fflt)
    _fflt                                    0x08009ccd   Thumb Code    48  fflt_clz.o(x$fpl$fflt)
    __aeabi_ui2f                             0x08009cfd   Thumb Code     0  fflt_clz.o(x$fpl$ffltu)
    _ffltu                                   0x08009cfd   Thumb Code    38  fflt_clz.o(x$fpl$ffltu)
    __aeabi_fmul                             0x08009d25   Thumb Code     0  fmul.o(x$fpl$fmul)
    _fmul                                    0x08009d25   Thumb Code   258  fmul.o(x$fpl$fmul)
    __fpl_fnaninf                            0x08009e27   Thumb Code   140  fnaninf.o(x$fpl$fnaninf)
    __fpl_fretinf                            0x08009eb3   Thumb Code    10  fretinf.o(x$fpl$fretinf)
    __aeabi_fsub                             0x08009ebd   Thumb Code     0  faddsub_clz.o(x$fpl$fsub)
    _fsub                                    0x08009ebd   Thumb Code   234  faddsub_clz.o(x$fpl$fsub)
    __I$use$fp                               0x08009fa6   Number         0  usenofp.o(x$fpl$usenofp)
    asc2_1206                                0x08009fa6   Data        1140  lcd.o(.constdata)
    asc2_1608                                0x0800a41a   Data        1520  lcd.o(.constdata)
    TX_ADDRESS                               0x0800aa0a   Data           5  24l01.o(.constdata)
    RX_ADDRESS                               0x0800aa0f   Data           5  24l01.o(.constdata)
    GT9147_CFG_TBL                           0x0800aa14   Data         184  gt9147.o(.constdata)
    GT9147_TPX_TBL                           0x0800aacc   Data          10  gt9147.o(.constdata)
    OTT_TPX_TBL                              0x0800aad6   Data          10  ott2001a.o(.constdata)
    Region$$Table$$Base                      0x0800ab84   Number         0  anon$$obj.o(Region$$Table)
    Region$$Table$$Limit                     0x0800aba4   Number         0  anon$$obj.o(Region$$Table)
    SystemCoreClock                          0x20000000   Data           4  system_stm32f10x.o(.data)
    AHBPrescTable                            0x20000004   Data          16  system_stm32f10x.o(.data)
    POINT_COLOR                              0x20000016   Data           2  lcd.o(.data)
    BACK_COLOR                               0x20000018   Data           2  lcd.o(.data)
    nrf_flag                                 0x2000001a   Data           1  24l01.o(.data)
    tp_dev                                   0x20000020   Data          52  touch.o(.data)
    CMD_RDX                                  0x20000054   Data           1  touch.o(.data)
    CMD_RDY                                  0x20000055   Data           1  touch.o(.data)
    TP_REMIND_MSG_TBL                        0x20000058   Data           4  touch.o(.data)
    __stdout                                 0x20000060   Data           4  usart.o(.data)
    USART_RX_STA                             0x20000064   Data           2  usart.o(.data)
    lcddev                                   0x2000007c   Data          14  lcd.o(.bss)
    tmp_buf                                  0x2000008a   Data          32  24l01.o(.bss)
    USART_RX_BUF                             0x200000aa   Data         200  usart.o(.bss)
    __libspace_start                         0x20000174   Data          96  libspace.o(.bss)
    __temporary_stack_top$libspace           0x200001d4   Data           0  libspace.o(.bss)



==============================================================================

Memory Map of the image

  Image Entry point : 0x08000131

  Load Region LR_IROM1 (Base: 0x08000000, Size: 0x0000ac20, Max: 0x00080000, ABSOLUTE)

    Execution Region ER_IROM1 (Base: 0x08000000, Size: 0x0000aba4, Max: 0x00080000, ABSOLUTE)

    Base Addr    Size         Type   Attr      Idx    E Section Name        Object

    0x08000000   0x00000130   Data   RO          393    RESET               startup_stm32f10x_hd.o
    0x08000130   0x00000008   Code   RO          547  * !!!main             c_w.l(__main.o)
    0x08000138   0x00000034   Code   RO          795    !!!scatter          c_w.l(__scatter.o)
    0x0800016c   0x0000001a   Code   RO          797    !!handler_copy      c_w.l(__scatter_copy.o)
    0x08000186   0x00000002   PAD
    0x08000188   0x0000001c   Code   RO          799    !!handler_zi        c_w.l(__scatter_zi.o)
    0x080001a4   0x00000000   Code   RO          542    .ARM.Collect$$_printf_percent$$00000000  c_w.l(_printf_percent.o)
    0x080001a4   0x00000006   Code   RO          541    .ARM.Collect$$_printf_percent$$00000009  c_w.l(_printf_d.o)
    0x080001aa   0x00000006   Code   RO          540    .ARM.Collect$$_printf_percent$$0000000C  c_w.l(_printf_x.o)
    0x080001b0   0x00000006   Code   RO          539    .ARM.Collect$$_printf_percent$$00000014  c_w.l(_printf_s.o)
    0x080001b6   0x00000004   Code   RO          618    .ARM.Collect$$_printf_percent$$00000017  c_w.l(_printf_percent_end.o)
    0x080001ba   0x00000002   Code   RO          672    .ARM.Collect$$libinit$$00000000  c_w.l(libinit.o)
    0x080001bc   0x00000000   Code   RO          676    .ARM.Collect$$libinit$$00000002  c_w.l(libinit2.o)
    0x080001bc   0x00000000   Code   RO          678    .ARM.Collect$$libinit$$00000004  c_w.l(libinit2.o)
    0x080001bc   0x00000000   Code   RO          681    .ARM.Collect$$libinit$$0000000A  c_w.l(libinit2.o)
    0x080001bc   0x00000000   Code   RO          683    .ARM.Collect$$libinit$$0000000C  c_w.l(libinit2.o)
    0x080001bc   0x00000000   Code   RO          685    .ARM.Collect$$libinit$$0000000E  c_w.l(libinit2.o)
    0x080001bc   0x00000000   Code   RO          688    .ARM.Collect$$libinit$$00000011  c_w.l(libinit2.o)
    0x080001bc   0x00000000   Code   RO          690    .ARM.Collect$$libinit$$00000013  c_w.l(libinit2.o)
    0x080001bc   0x00000000   Code   RO          692    .ARM.Collect$$libinit$$00000015  c_w.l(libinit2.o)
    0x080001bc   0x00000000   Code   RO          694    .ARM.Collect$$libinit$$00000017  c_w.l(libinit2.o)
    0x080001bc   0x00000000   Code   RO          696    .ARM.Collect$$libinit$$00000019  c_w.l(libinit2.o)
    0x080001bc   0x00000000   Code   RO          698    .ARM.Collect$$libinit$$0000001B  c_w.l(libinit2.o)
    0x080001bc   0x00000000   Code   RO          700    .ARM.Collect$$libinit$$0000001D  c_w.l(libinit2.o)
    0x080001bc   0x00000000   Code   RO          702    .ARM.Collect$$libinit$$0000001F  c_w.l(libinit2.o)
    0x080001bc   0x00000000   Code   RO          704    .ARM.Collect$$libinit$$00000021  c_w.l(libinit2.o)
    0x080001bc   0x00000000   Code   RO          706    .ARM.Collect$$libinit$$00000023  c_w.l(libinit2.o)
    0x080001bc   0x00000000   Code   RO          708    .ARM.Collect$$libinit$$00000025  c_w.l(libinit2.o)
    0x080001bc   0x00000000   Code   RO          712    .ARM.Collect$$libinit$$0000002C  c_w.l(libinit2.o)
    0x080001bc   0x00000000   Code   RO          714    .ARM.Collect$$libinit$$0000002E  c_w.l(libinit2.o)
    0x080001bc   0x00000000   Code   RO          716    .ARM.Collect$$libinit$$00000030  c_w.l(libinit2.o)
    0x080001bc   0x00000000   Code   RO          718    .ARM.Collect$$libinit$$00000032  c_w.l(libinit2.o)
    0x080001bc   0x00000002   Code   RO          719    .ARM.Collect$$libinit$$00000033  c_w.l(libinit2.o)
    0x080001be   0x00000002   Code   RO          737    .ARM.Collect$$libshutdown$$00000000  c_w.l(libshutdown.o)
    0x080001c0   0x00000000   Code   RO          747    .ARM.Collect$$libshutdown$$00000002  c_w.l(libshutdown2.o)
    0x080001c0   0x00000000   Code   RO          749    .ARM.Collect$$libshutdown$$00000004  c_w.l(libshutdown2.o)
    0x080001c0   0x00000000   Code   RO          752    .ARM.Collect$$libshutdown$$00000007  c_w.l(libshutdown2.o)
    0x080001c0   0x00000000   Code   RO          755    .ARM.Collect$$libshutdown$$0000000A  c_w.l(libshutdown2.o)
    0x080001c0   0x00000000   Code   RO          757    .ARM.Collect$$libshutdown$$0000000C  c_w.l(libshutdown2.o)
    0x080001c0   0x00000000   Code   RO          760    .ARM.Collect$$libshutdown$$0000000F  c_w.l(libshutdown2.o)
    0x080001c0   0x00000002   Code   RO          761    .ARM.Collect$$libshutdown$$00000010  c_w.l(libshutdown2.o)
    0x080001c2   0x00000000   Code   RO          609    .ARM.Collect$$rtentry$$00000000  c_w.l(__rtentry.o)
    0x080001c2   0x00000000   Code   RO          633    .ARM.Collect$$rtentry$$00000002  c_w.l(__rtentry2.o)
    0x080001c2   0x00000006   Code   RO          645    .ARM.Collect$$rtentry$$00000004  c_w.l(__rtentry4.o)
    0x080001c8   0x00000000   Code   RO          635    .ARM.Collect$$rtentry$$00000009  c_w.l(__rtentry2.o)
    0x080001c8   0x00000004   Code   RO          636    .ARM.Collect$$rtentry$$0000000A  c_w.l(__rtentry2.o)
    0x080001cc   0x00000000   Code   RO          638    .ARM.Collect$$rtentry$$0000000C  c_w.l(__rtentry2.o)
    0x080001cc   0x00000008   Code   RO          639    .ARM.Collect$$rtentry$$0000000D  c_w.l(__rtentry2.o)
    0x080001d4   0x00000002   Code   RO          673    .ARM.Collect$$rtexit$$00000000  c_w.l(rtexit.o)
    0x080001d6   0x00000000   Code   RO          721    .ARM.Collect$$rtexit$$00000002  c_w.l(rtexit2.o)
    0x080001d6   0x00000004   Code   RO          722    .ARM.Collect$$rtexit$$00000003  c_w.l(rtexit2.o)
    0x080001da   0x00000006   Code   RO          723    .ARM.Collect$$rtexit$$00000004  c_w.l(rtexit2.o)
    0x080001e0   0x00000438   Code   RO            1    .text               main.o
    0x08000618   0x0000001a   Code   RO           91    .text               stm32f10x_it.o
    0x08000632   0x00000002   PAD
    0x08000634   0x000001e0   Code   RO          123    .text               system_stm32f10x.o
    0x08000814   0x0000004c   Code   RO          141    .text               led.o
    0x08000860   0x000000fc   Code   RO          153    .text               key.o
    0x0800095c   0x0000481e   Code   RO          166    .text               lcd.o
    0x0800517a   0x00000002   PAD
    0x0800517c   0x00000108   Code   RO          189    .text               spi.o
    0x08005284   0x00000428   Code   RO          204    .text               24l01.o
    0x080056ac   0x00000278   Code   RO          224    .text               ctiic.o
    0x08005924   0x000003f0   Code   RO          239    .text               gt9147.o
    0x08005d14   0x00000368   Code   RO          262    .text               ott2001a.o
    0x0800607c   0x00000fd4   Code   RO          278    .text               touch.o
    0x08007050   0x0000017a   Code   RO          307    .text               24cxx.o
    0x080071ca   0x00000002   PAD
    0x080071cc   0x00000280   Code   RO          319    .text               myiic.o
    0x0800744c   0x000000d4   Code   RO          331    .text               delay.o
    0x08007520   0x0000000c   Code   RO          345    .text               sys.o
    0x0800752c   0x00000148   Code   RO          357    .text               usart.o
    0x08007674   0x00000040   Code   RO          394    .text               startup_stm32f10x_hd.o
    0x080076b4   0x000000dc   Code   RO          398    .text               misc.o
    0x08007790   0x0000060c   Code   RO          410    .text               stm32f10x_fsmc.o
    0x08007d9c   0x0000035c   Code   RO          422    .text               stm32f10x_gpio.o
    0x080080f8   0x000003a4   Code   RO          434    .text               stm32f10x_rcc.o
    0x0800849c   0x0000030c   Code   RO          448    .text               stm32f10x_spi.o
    0x080087a8   0x00000408   Code   RO          460    .text               stm32f10x_usart.o
    0x08008bb0   0x0000011c   Code   RO          472    .text               stm32f10x_exti.o
    0x08008ccc   0x00000002   Code   RO          486    .text               c_w.l(use_no_semi_2.o)
    0x08008cce   0x00000002   PAD
    0x08008cd0   0x00000018   Code   RO          490    .text               c_w.l(noretval__2printf.o)
    0x08008ce8   0x00000068   Code   RO          492    .text               c_w.l(__printf.o)
    0x08008d50   0x00000052   Code   RO          494    .text               c_w.l(_printf_str.o)
    0x08008da2   0x00000002   PAD
    0x08008da4   0x00000078   Code   RO          496    .text               c_w.l(_printf_dec.o)
    0x08008e1c   0x00000058   Code   RO          501    .text               c_w.l(_printf_hex_int.o)
    0x08008e74   0x00000080   Code   RO          543    .text               c_w.l(strcmpv7m.o)
    0x08008ef4   0x00000006   Code   RO          545    .text               c_w.l(heapauxi.o)
    0x08008efa   0x00000002   Code   RO          607    .text               c_w.l(use_no_semi.o)
    0x08008efc   0x00000016   Code   RO          610    .text               c_w.l(_rserrno.o)
    0x08008f12   0x000000b2   Code   RO          612    .text               c_w.l(_printf_intcommon.o)
    0x08008fc4   0x0000002c   Code   RO          614    .text               c_w.l(_printf_char.o)
    0x08008ff0   0x00000024   Code   RO          616    .text               c_w.l(_printf_char_file.o)
    0x08009014   0x00000008   Code   RO          650    .text               c_w.l(rt_errno_addr_intlibspace.o)
    0x0800901c   0x00000030   Code   RO          652    .text               c_w.l(_printf_char_common.o)
    0x0800904c   0x00000008   Code   RO          654    .text               c_w.l(ferror.o)
    0x08009054   0x00000008   Code   RO          658    .text               c_w.l(libspace.o)
    0x0800905c   0x0000004a   Code   RO          661    .text               c_w.l(sys_stackheap_outer.o)
    0x080090a6   0x00000012   Code   RO          665    .text               c_w.l(exit.o)
    0x080090b8   0x0000004c   Code   RO          600    i.sqrt              m_ws.l(sqrt.o)
    0x08009104   0x00000150   Code   RO          549    x$fpl$dadd          fz_ws.l(daddsub_clz.o)
    0x08009254   0x00000018   Code   RO          619    x$fpl$dcmpinf       fz_ws.l(dcmpi.o)
    0x0800926c   0x0000005a   Code   RO          555    x$fpl$dfixu         fz_ws.l(dfixu.o)
    0x080092c6   0x0000002e   Code   RO          560    x$fpl$dflt          fz_ws.l(dflt_clz.o)
    0x080092f4   0x00000026   Code   RO          559    x$fpl$dfltu         fz_ws.l(dflt_clz.o)
    0x0800931a   0x00000002   PAD
    0x0800931c   0x00000078   Code   RO          565    x$fpl$dleqf         fz_ws.l(dleqf.o)
    0x08009394   0x00000154   Code   RO          567    x$fpl$dmul          fz_ws.l(dmul.o)
    0x080094e8   0x0000009c   Code   RO          621    x$fpl$dnaninf       fz_ws.l(dnaninf.o)
    0x08009584   0x0000000c   Code   RO          623    x$fpl$dretinf       fz_ws.l(dretinf.o)
    0x08009590   0x0000006c   Code   RO          569    x$fpl$drleqf        fz_ws.l(drleqf.o)
    0x080095fc   0x00000016   Code   RO          550    x$fpl$drsb          fz_ws.l(daddsub_clz.o)
    0x08009612   0x00000002   PAD
    0x08009614   0x000001cc   Code   RO          625    x$fpl$dsqrt         fz_ws.l(dsqrt_noumaal.o)
    0x080097e0   0x000001d4   Code   RO          551    x$fpl$dsub          fz_ws.l(daddsub_clz.o)
    0x080099b4   0x00000056   Code   RO          571    x$fpl$f2d           fz_ws.l(f2d.o)
    0x08009a0a   0x00000002   PAD
    0x08009a0c   0x000000c4   Code   RO          573    x$fpl$fadd          fz_ws.l(faddsub_clz.o)
    0x08009ad0   0x00000184   Code   RO          580    x$fpl$fdiv          fz_ws.l(fdiv.o)
    0x08009c54   0x00000036   Code   RO          583    x$fpl$ffix          fz_ws.l(ffix.o)
    0x08009c8a   0x00000002   PAD
    0x08009c8c   0x0000003e   Code   RO          587    x$fpl$ffixu         fz_ws.l(ffixu.o)
    0x08009cca   0x00000002   PAD
    0x08009ccc   0x00000030   Code   RO          592    x$fpl$fflt          fz_ws.l(fflt_clz.o)
    0x08009cfc   0x00000026   Code   RO          591    x$fpl$ffltu         fz_ws.l(fflt_clz.o)
    0x08009d22   0x00000002   PAD
    0x08009d24   0x00000102   Code   RO          597    x$fpl$fmul          fz_ws.l(fmul.o)
    0x08009e26   0x0000008c   Code   RO          627    x$fpl$fnaninf       fz_ws.l(fnaninf.o)
    0x08009eb2   0x0000000a   Code   RO          629    x$fpl$fretinf       fz_ws.l(fretinf.o)
    0x08009ebc   0x000000ea   Code   RO          575    x$fpl$fsub          fz_ws.l(faddsub_clz.o)
    0x08009fa6   0x00000000   Code   RO          631    x$fpl$usenofp       fz_ws.l(usenofp.o)
    0x08009fa6   0x00000a64   Data   RO          168    .constdata          lcd.o
    0x0800aa0a   0x0000000a   Data   RO          206    .constdata          24l01.o
    0x0800aa14   0x000000c2   Data   RO          240    .constdata          gt9147.o
    0x0800aad6   0x0000000a   Data   RO          263    .constdata          ott2001a.o
    0x0800aae0   0x00000028   Data   RO          502    .constdata          c_w.l(_printf_hex_int.o)
    0x0800ab08   0x00000079   Data   RO          279    .conststring        touch.o
    0x0800ab81   0x00000003   PAD
    0x0800ab84   0x00000020   Data   RO          793    Region$$Table       anon$$obj.o


    Execution Region RW_IRAM1 (Base: 0x20000000, Size: 0x000007d8, Max: 0x00010000, ABSOLUTE)

    Base Addr    Size         Type   Attr      Idx    E Section Name        Object

    0x20000000   0x00000014   Data   RW          124    .data               system_stm32f10x.o
    0x20000014   0x00000001   Data   RW          154    .data               key.o
    0x20000015   0x00000001   PAD
    0x20000016   0x00000004   Data   RW          169    .data               lcd.o
    0x2000001a   0x00000001   Data   RW          207    .data               24l01.o
    0x2000001b   0x00000001   Data   RW          241    .data               gt9147.o
    0x2000001c   0x00000001   Data   RW          264    .data               ott2001a.o
    0x2000001d   0x00000003   PAD
    0x20000020   0x0000003c   Data   RW          280    .data               touch.o
    0x2000005c   0x00000004   Data   RW          332    .data               delay.o
    0x20000060   0x00000006   Data   RW          359    .data               usart.o
    0x20000066   0x00000014   Data   RW          435    .data               stm32f10x_rcc.o
    0x2000007a   0x00000002   PAD
    0x2000007c   0x0000000e   Zero   RW          167    .bss                lcd.o
    0x2000008a   0x00000020   Zero   RW          205    .bss                24l01.o
    0x200000aa   0x000000c8   Zero   RW          358    .bss                usart.o
    0x20000172   0x00000002   PAD
    0x20000174   0x00000060   Zero   RW          659    .bss                c_w.l(libspace.o)
    0x200001d4   0x00000004   PAD
    0x200001d8   0x00000200   Zero   RW          392    HEAP                startup_stm32f10x_hd.o
    0x200003d8   0x00000400   Zero   RW          391    STACK               startup_stm32f10x_hd.o


==============================================================================

Image component sizes


      Code (inc. data)   RO Data    RW Data    ZI Data      Debug   Object Name

       378          0          0          0          0       2878   24cxx.o
      1064         50         10          1         32       6683   24l01.o
         0          0          0          0          0         32   core_cm3.o
       632         26          0          0          0       2081   ctiic.o
       212         18          0          4          0       1115   delay.o
      1008         72        194          1          0       3066   gt9147.o
       252         12          0          1          0        880   key.o
     18462        140       2660          4         14      22675   lcd.o
        76          8          0          0          0        535   led.o
      1080        238          0          0          0     248615   main.o
       220         22          0          0          0       1877   misc.o
       640         14          0          0          0       1920   myiic.o
       872         60         10          1          0       2827   ott2001a.o
       264         10          0          0          0       1161   spi.o
        64         26        304          0       1536        816   startup_stm32f10x_hd.o
       284         10          0          0          0       2335   stm32f10x_exti.o
      1548         18          0          0          0       5455   stm32f10x_fsmc.o
       860         38          0          0          0       5809   stm32f10x_gpio.o
        26          0          0          0          0       1218   stm32f10x_it.o
       932         36          0         20          0       9028   stm32f10x_rcc.o
       780         14          0          0          0       6694   stm32f10x_spi.o
      1032         22          0          0          0       8536   stm32f10x_usart.o
        12          0          0          0          0        489   sys.o
       480         38          0         20          0       1851   system_stm32f10x.o
      4052        214        121         60          0       6933   touch.o
       328         18          0          6        200       3298   usart.o

    ----------------------------------------------------------------------
     35564       1104       3334        124       1784     348807   Object Totals
         0          0         32          0          0          0   (incl. Generated)
         6          0          3          6          2          0   (incl. Padding)

    ----------------------------------------------------------------------

      Code (inc. data)   RO Data    RW Data    ZI Data      Debug   Library Member Name

         8          0          0          0          0         68   __main.o
       104          0          0          0          0         84   __printf.o
         0          0          0          0          0          0   __rtentry.o
        12          0          0          0          0          0   __rtentry2.o
         6          0          0          0          0          0   __rtentry4.o
        52          8          0          0          0          0   __scatter.o
        26          0          0          0          0          0   __scatter_copy.o
        28          0          0          0          0          0   __scatter_zi.o
        44          0          0          0          0        108   _printf_char.o
        48          6          0          0          0         96   _printf_char_common.o
        36          4          0          0          0         80   _printf_char_file.o
         6          0          0          0          0          0   _printf_d.o
       120         16          0          0          0         92   _printf_dec.o
        88          4         40          0          0         88   _printf_hex_int.o
       178          0          0          0          0         88   _printf_intcommon.o
         0          0          0          0          0          0   _printf_percent.o
         4          0          0          0          0          0   _printf_percent_end.o
         6          0          0          0          0          0   _printf_s.o
        82          0          0          0          0         80   _printf_str.o
         6          0          0          0          0          0   _printf_x.o
        22          0          0          0          0        100   _rserrno.o
        18          0          0          0          0         80   exit.o
         8          0          0          0          0         68   ferror.o
         6          0          0          0          0        152   heapauxi.o
         2          0          0          0          0          0   libinit.o
         2          0          0          0          0          0   libinit2.o
         2          0          0          0          0          0   libshutdown.o
         2          0          0          0          0          0   libshutdown2.o
         8          4          0          0         96         68   libspace.o
        24          4          0          0          0         84   noretval__2printf.o
         8          4          0          0          0         68   rt_errno_addr_intlibspace.o
         2          0          0          0          0          0   rtexit.o
        10          0          0          0          0          0   rtexit2.o
       128          0          0          0          0         68   strcmpv7m.o
        74          0          0          0          0         80   sys_stackheap_outer.o
         2          0          0          0          0         68   use_no_semi.o
         2          0          0          0          0         68   use_no_semi_2.o
       826         16          0          0          0        348   daddsub_clz.o
        24          0          0          0          0         68   dcmpi.o
        90          4          0          0          0         92   dfixu.o
        84          0          0          0          0        136   dflt_clz.o
       120          4          0          0          0         92   dleqf.o
       340         12          0          0          0        104   dmul.o
       156          4          0          0          0         92   dnaninf.o
        12          0          0          0          0         68   dretinf.o
       108          0          0          0          0         80   drleqf.o
       460         56          0          0          0        120   dsqrt_noumaal.o
        86          4          0          0          0         84   f2d.o
       430          8          0          0          0        168   faddsub_clz.o
       388         76          0          0          0         96   fdiv.o
        54          4          0          0          0         84   ffix.o
        62          4          0          0          0         84   ffixu.o
        86          0          0          0          0        136   fflt_clz.o
       258          4          0          0          0         84   fmul.o
       140          4          0          0          0         84   fnaninf.o
        10          0          0          0          0         68   fretinf.o
         0          0          0          0          0          0   usenofp.o
        76          0          0          0          0         84   sqrt.o

    ----------------------------------------------------------------------
      5002        250         40          0        100       3860   Library Totals
        18          0          0          0          4          0   (incl. Padding)

    ----------------------------------------------------------------------

      Code (inc. data)   RO Data    RW Data    ZI Data      Debug   Library Name

      1174         50         40          0         96       1688   c_w.l
      3734        200          0          0          0       2088   fz_ws.l
        76          0          0          0          0         84   m_ws.l

    ----------------------------------------------------------------------
      5002        250         40          0        100       3860   Library Totals

    ----------------------------------------------------------------------

==============================================================================


      Code (inc. data)   RO Data    RW Data    ZI Data      Debug   

     40566       1354       3374        124       1884     348607   Grand Totals
     40566       1354       3374        124       1884     348607   ELF Image Totals
     40566       1354       3374        124          0          0   ROM Totals

==============================================================================

    Total RO  Size (Code + RO Data)                43940 (  42.91kB)
    Total RW  Size (RW Data + ZI Data)              2008 (   1.96kB)
    Total ROM Size (Code + RO Data + RW Data)      44064 (  43.03kB)

==============================================================================

